Archive member included because of file (symbol)

/opt/CodeSourcery/Sourcery_G++_Lite/arm-none-eabi/lib/libc.a(lib_a-vsprintf.o)
                              Uart.o (vsprintf)
/opt/CodeSourcery/Sourcery_G++_Lite/arm-none-eabi/lib/libc.a(lib_a-impure.o)
                              /opt/CodeSourcery/Sourcery_G++_Lite/arm-none-eabi/lib/libc.a(lib_a-vsprintf.o) (_impure_ptr)
/opt/CodeSourcery/Sourcery_G++_Lite/arm-none-eabi/lib/libc.a(lib_a-svfprintf.o)
                              /opt/CodeSourcery/Sourcery_G++_Lite/arm-none-eabi/lib/libc.a(lib_a-vsprintf.o) (_svfprintf_r)
/opt/CodeSourcery/Sourcery_G++_Lite/arm-none-eabi/lib/libc.a(lib_a-dtoa.o)
                              /opt/CodeSourcery/Sourcery_G++_Lite/arm-none-eabi/lib/libc.a(lib_a-svfprintf.o) (_dtoa_r)
/opt/CodeSourcery/Sourcery_G++_Lite/arm-none-eabi/lib/libc.a(lib_a-locale.o)
                              /opt/CodeSourcery/Sourcery_G++_Lite/arm-none-eabi/lib/libc.a(lib_a-svfprintf.o) (_localeconv_r)
/opt/CodeSourcery/Sourcery_G++_Lite/arm-none-eabi/lib/libc.a(lib_a-mallocr.o)
                              /opt/CodeSourcery/Sourcery_G++_Lite/arm-none-eabi/lib/libc.a(lib_a-svfprintf.o) (_malloc_r)
/opt/CodeSourcery/Sourcery_G++_Lite/arm-none-eabi/lib/libc.a(lib_a-memchr.o)
                              /opt/CodeSourcery/Sourcery_G++_Lite/arm-none-eabi/lib/libc.a(lib_a-svfprintf.o) (memchr)
/opt/CodeSourcery/Sourcery_G++_Lite/arm-none-eabi/lib/libc.a(lib_a-memcpy.o)
                              /opt/CodeSourcery/Sourcery_G++_Lite/arm-none-eabi/lib/libc.a(lib_a-dtoa.o) (memcpy)
/opt/CodeSourcery/Sourcery_G++_Lite/arm-none-eabi/lib/libc.a(lib_a-mlock.o)
                              /opt/CodeSourcery/Sourcery_G++_Lite/arm-none-eabi/lib/libc.a(lib_a-mallocr.o) (__malloc_lock)
/opt/CodeSourcery/Sourcery_G++_Lite/arm-none-eabi/lib/libc.a(lib_a-mprec.o)
                              /opt/CodeSourcery/Sourcery_G++_Lite/arm-none-eabi/lib/libc.a(lib_a-dtoa.o) (_Balloc)
/opt/CodeSourcery/Sourcery_G++_Lite/arm-none-eabi/lib/libc.a(lib_a-s_fpclassify.o)
                              /opt/CodeSourcery/Sourcery_G++_Lite/arm-none-eabi/lib/libc.a(lib_a-svfprintf.o) (__fpclassifyd)
/opt/CodeSourcery/Sourcery_G++_Lite/arm-none-eabi/lib/libc.a(lib_a-sbrkr.o)
                              /opt/CodeSourcery/Sourcery_G++_Lite/arm-none-eabi/lib/libc.a(lib_a-mallocr.o) (_sbrk_r)
/opt/CodeSourcery/Sourcery_G++_Lite/arm-none-eabi/lib/libc.a(lib_a-strcmp.o)
                              /opt/CodeSourcery/Sourcery_G++_Lite/arm-none-eabi/lib/libc.a(lib_a-locale.o) (strcmp)
/opt/CodeSourcery/Sourcery_G++_Lite/arm-none-eabi/lib/libc.a(lib_a-svfiprintf.o)
                              /opt/CodeSourcery/Sourcery_G++_Lite/arm-none-eabi/lib/libc.a(lib_a-svfprintf.o) (__ssprint_r)
/opt/CodeSourcery/Sourcery_G++_Lite/arm-none-eabi/lib/libc.a(lib_a-callocr.o)
                              /opt/CodeSourcery/Sourcery_G++_Lite/arm-none-eabi/lib/libc.a(lib_a-mprec.o) (_calloc_r)
/opt/CodeSourcery/Sourcery_G++_Lite/arm-none-eabi/lib/libc.a(lib_a-freer.o)
                              /opt/CodeSourcery/Sourcery_G++_Lite/arm-none-eabi/lib/libc.a(lib_a-mallocr.o) (_free_r)
/opt/CodeSourcery/Sourcery_G++_Lite/arm-none-eabi/lib/libc.a(lib_a-memmove.o)
                              /opt/CodeSourcery/Sourcery_G++_Lite/arm-none-eabi/lib/libc.a(lib_a-svfiprintf.o) (memmove)
/opt/CodeSourcery/Sourcery_G++_Lite/arm-none-eabi/lib/libc.a(lib_a-memset.o)
                              /opt/CodeSourcery/Sourcery_G++_Lite/arm-none-eabi/lib/libc.a(lib_a-callocr.o) (memset)
/opt/CodeSourcery/Sourcery_G++_Lite/arm-none-eabi/lib/libc.a(lib_a-reallocr.o)
                              /opt/CodeSourcery/Sourcery_G++_Lite/arm-none-eabi/lib/libc.a(lib_a-svfiprintf.o) (_realloc_r)
/opt/CodeSourcery/Sourcery_G++_Lite/arm-none-eabi/lib/libc.a(lib_a-reent.o)
                              /opt/CodeSourcery/Sourcery_G++_Lite/arm-none-eabi/lib/libc.a(lib_a-sbrkr.o) (errno)
/opt/CodeSourcery/Sourcery_G++_Lite/lib/gcc/arm-none-eabi/4.5.2/libgcc.a(_udivsi3.o)
                              /opt/CodeSourcery/Sourcery_G++_Lite/arm-none-eabi/lib/libc.a(lib_a-dtoa.o) (__aeabi_uidiv)
/opt/CodeSourcery/Sourcery_G++_Lite/lib/gcc/arm-none-eabi/4.5.2/libgcc.a(_divsi3.o)
                              buzzer.o (__aeabi_idiv)
/opt/CodeSourcery/Sourcery_G++_Lite/lib/gcc/arm-none-eabi/4.5.2/libgcc.a(_dvmd_tls.o)
                              /opt/CodeSourcery/Sourcery_G++_Lite/lib/gcc/arm-none-eabi/4.5.2/libgcc.a(_udivsi3.o) (__aeabi_idiv0)
/opt/CodeSourcery/Sourcery_G++_Lite/lib/gcc/arm-none-eabi/4.5.2/libgcc.a(_arm_addsubdf3.o)
                              /opt/CodeSourcery/Sourcery_G++_Lite/arm-none-eabi/lib/libc.a(lib_a-dtoa.o) (__aeabi_dsub)
/opt/CodeSourcery/Sourcery_G++_Lite/lib/gcc/arm-none-eabi/4.5.2/libgcc.a(_arm_muldivdf3.o)
                              timer.o (__aeabi_dmul)
/opt/CodeSourcery/Sourcery_G++_Lite/lib/gcc/arm-none-eabi/4.5.2/libgcc.a(_arm_cmpdf2.o)
                              /opt/CodeSourcery/Sourcery_G++_Lite/arm-none-eabi/lib/libc.a(lib_a-svfprintf.o) (__aeabi_dcmpeq)
/opt/CodeSourcery/Sourcery_G++_Lite/lib/gcc/arm-none-eabi/4.5.2/libgcc.a(_arm_fixdfsi.o)
                              /opt/CodeSourcery/Sourcery_G++_Lite/arm-none-eabi/lib/libc.a(lib_a-dtoa.o) (__aeabi_d2iz)
/opt/CodeSourcery/Sourcery_G++_Lite/lib/gcc/arm-none-eabi/4.5.2/libgcc.a(_arm_fixunsdfsi.o)
                              Uart.o (__aeabi_d2uiz)
/opt/CodeSourcery/Sourcery_G++_Lite/lib/gcc/arm-none-eabi/4.5.2/libgcc.a(_aeabi_uldivmod.o)
                              /opt/CodeSourcery/Sourcery_G++_Lite/arm-none-eabi/lib/libc.a(lib_a-svfprintf.o) (__aeabi_uldivmod)
/opt/CodeSourcery/Sourcery_G++_Lite/lib/gcc/arm-none-eabi/4.5.2/libgcc.a(bpabi.o)
                              /opt/CodeSourcery/Sourcery_G++_Lite/lib/gcc/arm-none-eabi/4.5.2/libgcc.a(_aeabi_uldivmod.o) (__gnu_uldivmod_helper)
/opt/CodeSourcery/Sourcery_G++_Lite/lib/gcc/arm-none-eabi/4.5.2/libgcc.a(_divdi3.o)
                              /opt/CodeSourcery/Sourcery_G++_Lite/lib/gcc/arm-none-eabi/4.5.2/libgcc.a(bpabi.o) (__divdi3)
/opt/CodeSourcery/Sourcery_G++_Lite/lib/gcc/arm-none-eabi/4.5.2/libgcc.a(_udivdi3.o)
                              /opt/CodeSourcery/Sourcery_G++_Lite/lib/gcc/arm-none-eabi/4.5.2/libgcc.a(bpabi.o) (__udivdi3)
/opt/CodeSourcery/Sourcery_G++_Lite/lib/gcc/arm-none-eabi/4.5.2/libgcc.a(_clzsi2.o)
                              /opt/CodeSourcery/Sourcery_G++_Lite/lib/gcc/arm-none-eabi/4.5.2/libgcc.a(_divdi3.o) (__clzsi2)

Allocating common symbols
Common symbol       size              file

errno               0x4               /opt/CodeSourcery/Sourcery_G++_Lite/arm-none-eabi/lib/libc.a(lib_a-reent.o)

Memory Configuration

Name             Origin             Length             Attributes
CODE             0x30000000         0x04000000         rw
_ISR_START       0x33ffff00         0x00000100         rw
*default*        0x00000000         0xffffffff

Linker script and memory map


.text           0x30000000     0xbcac
 *s3c2450_startup.o(.text)
 .text          0x30000000      0x300 s3c2450_startup.o
                0x30000000                _start
                0x300000b0                ResetHandler
                0x300001a8                IsrIRQ
                0x30000254                _sbrk
 *(.text)
 .text          0x30000300      0x324 Lcd.o
                0x30000300                Lcd_Envid_On_Off
                0x30000370                Lcd_Port_Init
                0x300003fc                Lcd_Init
                0x30000490                Lcd_Set_Address
                0x300004f0                Graphic_Init
                0x30000520                Lcd_Put_Pixel
                0x3000057c                Lcd_Draw_BMP
 .text          0x30000624      0x780 libc.o
                0x30000624                MMU_Init
                0x30000824                MMU_SetMTT
                0x300008dc                ChangeRomCacheStatus
                0x300009a8                malloc
                0x30000a48                free
                0x30000a78                Led_Port_Init
                0x30000aec                Led_Display
                0x30000bb8                start_timer0
                0x30000c0c                stop_timer0
                0x30000c34                time
                0x30000c64                MemFill
                0x30000cd4                MemDump
 .text          0x30000da4       0xdc Main.o
                0x30000da4                Timer0_ISR
                0x30000dec                Main
 .text          0x30000e80      0x818 Uart.o
                0x30000e80                Uart_Init
                0x30000f7c                Uart_Printf
                0x30000fcc                Uart_Send_String
                0x3000101c                Uart_Send_Byte
                0x300010a0                Uart_GetChar
                0x300010e8                Uart_Get_Pressed
                0x30001138                Uart_TxEmpty
                0x30001174                Uart_GetKey
                0x300011c4                Uart_GetString
                0x300012c8                atoi
                0x30001398                strlen
                0x300013f0                Uart_GetIntNum
 .text          0x30001698      0x2a8 timer.o
                0x30001698                Timer_Init
                0x30001710                Timer_Delay
                0x300017dc                ElapseTimer_Start
                0x300018b0                ElapseTimer_Stop
 .text          0x30001940      0x52c key.o
                0x30001940                Key_ISR
                0x30001a30                Key_Port_Init
                0x30001b00                Key_INT_Init
                0x30001c60                Key_Get_Pressed
                0x30001dfc                Key_Wait_Get_Pressed
                0x30001e34                Key_Wait_Get_Released
 .text          0x30001e6c      0x9d0 rtc.o
                0x30001e6c                Rtc_Init
                0x30001ff8                Rtc_TimeSet
                0x30002568                Display_Rtc
 .text          0x3000283c      0x1f0 Wdt.o
                0x3000283c                WDT_Init
                0x300028e8                WDT_Start
                0x30002948                WDT_Clear
                0x30002990                WDT_Clear2
                0x300029bc                WDT_Test
                0x300029cc                WDT_Reset_Enable
 *fill*         0x30002a2c        0x4 00
 .text          0x30002a30      0x3b8 buzzer.o
                0x30002a30                Buzzer_Init
                0x30002a8c                Buzzer_Beep
                0x30002b48                Beep
                0x30002cc8                DelayForPlay2
                0x30002d58                BuzzerTest
 .text          0x30002de8      0x184 exception.o
                0x30002de8                SWI_Handler
                0x30002e04                Undef_Handler
                0x30002e20                Pabort_Handler
                0x30002e5c                Dabort_Handler
                0x30002e98                Exception_Init
 .text          0x30002f6c      0x268 libs.o
                0x30002f6c                HOW_TO_RETURN
                0x30002f74                CONDITIONAL_EXECUTE
                0x30002f88                DATA_PROCESS1
                0x30002f98                DATA_PROCESS2
                0x30002fa8                SUM_OF_DEC
                0x30002fc4                GRT_COM_MES
                0x30002fd8                MEMCPY_SINGLE
                0x30002ff0                MEMCPY_MULTIPLE
                0x30003008                MEMCPY
                0x30003048                SET_IF
                0x3000305c                WR_IF
                0x30003064                CLR_IF
                0x30003074                MMU_EnableICache
                0x30003084                MMU_DisableICache
                0x30003094                MMU_EnableDCache
                0x300030a4                MMU_DisableDCache
                0x300030b4                MMU_EnableAlignFault
                0x300030c4                MMU_DisableAlignFault
                0x300030d4                MMU_EnableMMU
                0x300030e4                MMU_DisableMMU
                0x300030f4                MMU_SetFastBusMode
                0x30003108                MMU_SetAsyncBusMode
                0x3000311c                MMU_SetTTBase
                0x30003124                MMU_SetDomain
                0x3000312c                MMU_InvalidateIDCache
                0x30003134                MMU_InvalidateICache
                0x3000313c                MMU_InvalidateICacheMVA
                0x30003144                MMU_PrefetchICacheMVA
                0x3000314c                MMU_InvalidateDCache
                0x30003154                MMU_InvalidateDCacheMVA
                0x3000315c                MMU_CleanDCacheMVA
                0x30003164                MMU_CleanInvalidateDCacheMVA
                0x3000316c                MMU_CleanDCacheIndex
                0x30003174                MMU_CleanInvalidateDCacheIndex
                0x3000317c                MMU_WaitForInterrupt
                0x30003184                MMU_InvalidateTLB
                0x3000318c                MMU_InvalidateITLB
                0x30003194                MMU_InvalidateITLBMVA
                0x3000319c                MMU_InvalidateDTLB
                0x300031a4                MMU_InvalidateDTLBMVA
                0x300031ac                MMU_SetDCacheLockdownBase
                0x300031b4                MMU_SetICacheLockdownBase
                0x300031bc                MMU_SetDTLBLockdown
                0x300031c4                MMU_SetITLBLockdown
                0x300031cc                MMU_SetProcessId
 .text          0x300031d4       0x7c /opt/CodeSourcery/Sourcery_G++_Lite/arm-none-eabi/lib/libc.a(lib_a-vsprintf.o)
                0x300031d4                _vsprintf_r
                0x30003224                vsprintf
 .text          0x30003250        0x0 /opt/CodeSourcery/Sourcery_G++_Lite/arm-none-eabi/lib/libc.a(lib_a-impure.o)
 .text          0x30003250     0x2138 /opt/CodeSourcery/Sourcery_G++_Lite/arm-none-eabi/lib/libc.a(lib_a-svfprintf.o)
                0x30003250                _svfprintf_r
 .text          0x30005388     0x17d0 /opt/CodeSourcery/Sourcery_G++_Lite/arm-none-eabi/lib/libc.a(lib_a-dtoa.o)
                0x30005558                _dtoa_r
 .text          0x30006b58       0xd0 /opt/CodeSourcery/Sourcery_G++_Lite/arm-none-eabi/lib/libc.a(lib_a-locale.o)
                0x30006b58                _setlocale_r
                0x30006bc4                __locale_charset
                0x30006bd0                __locale_mb_cur_max
                0x30006be0                __locale_msgcharset
                0x30006bec                __locale_cjk_lang
                0x30006bf4                _localeconv_r
                0x30006c00                setlocale
                0x30006c1c                localeconv
 .text          0x30006c28      0x70c /opt/CodeSourcery/Sourcery_G++_Lite/arm-none-eabi/lib/libc.a(lib_a-mallocr.o)
                0x30006c28                _malloc_r
 .text          0x30007334      0x104 /opt/CodeSourcery/Sourcery_G++_Lite/arm-none-eabi/lib/libc.a(lib_a-memchr.o)
                0x30007334                memchr
 .text          0x30007438      0x1c0 /opt/CodeSourcery/Sourcery_G++_Lite/arm-none-eabi/lib/libc.a(lib_a-memcpy.o)
                0x30007438                memcpy
 .text          0x300075f8        0x8 /opt/CodeSourcery/Sourcery_G++_Lite/arm-none-eabi/lib/libc.a(lib_a-mlock.o)
                0x300075f8                __malloc_lock
                0x300075fc                __malloc_unlock
 .text          0x30007600      0xcfc /opt/CodeSourcery/Sourcery_G++_Lite/arm-none-eabi/lib/libc.a(lib_a-mprec.o)
                0x30007600                _Balloc
                0x30007688                _Bfree
                0x300076a4                __multadd
                0x30007780                __s2b
                0x3000786c                __hi0bits
                0x300078bc                __lo0bits
                0x3000794c                __i2b
                0x30007970                __multiply
                0x30007b58                __pow5mult
                0x30007c4c                __lshift
                0x30007d50                __mcmp
                0x30007db0                __mdiff
                0x30007f08                __ulp
                0x30007f68                __b2d
                0x3000802c                __d2b
                0x30008134                __ratio
                0x300081ac                _mprec_log10
                0x30008200                __copybits
                0x30008274                __any_on
 .text          0x300082fc       0x8c /opt/CodeSourcery/Sourcery_G++_Lite/arm-none-eabi/lib/libc.a(lib_a-s_fpclassify.o)
                0x300082fc                __fpclassifyd
 .text          0x30008388       0x40 /opt/CodeSourcery/Sourcery_G++_Lite/arm-none-eabi/lib/libc.a(lib_a-sbrkr.o)
                0x30008388                _sbrk_r
 .text          0x300083c8      0x230 /opt/CodeSourcery/Sourcery_G++_Lite/arm-none-eabi/lib/libc.a(lib_a-strcmp.o)
                0x300083c8                strcmp
 .text          0x300085f8     0x1238 /opt/CodeSourcery/Sourcery_G++_Lite/arm-none-eabi/lib/libc.a(lib_a-svfiprintf.o)
                0x300085f8                __ssprint_r
                0x30008794                _svfiprintf_r
 .text          0x30009830       0x9c /opt/CodeSourcery/Sourcery_G++_Lite/arm-none-eabi/lib/libc.a(lib_a-callocr.o)
                0x30009830                _calloc_r
 .text          0x300098cc      0x360 /opt/CodeSourcery/Sourcery_G++_Lite/arm-none-eabi/lib/libc.a(lib_a-freer.o)
                0x300098cc                _malloc_trim_r
                0x300099c8                _free_r
 .text          0x30009c2c      0x128 /opt/CodeSourcery/Sourcery_G++_Lite/arm-none-eabi/lib/libc.a(lib_a-memmove.o)
                0x30009c2c                memmove
 .text          0x30009d54      0x100 /opt/CodeSourcery/Sourcery_G++_Lite/arm-none-eabi/lib/libc.a(lib_a-memset.o)
                0x30009d54                memset
 .text          0x30009e54      0x5c0 /opt/CodeSourcery/Sourcery_G++_Lite/arm-none-eabi/lib/libc.a(lib_a-reallocr.o)
                0x30009e54                _realloc_r
 .text          0x3000a414      0x1ac /opt/CodeSourcery/Sourcery_G++_Lite/arm-none-eabi/lib/libc.a(lib_a-reent.o)
                0x3000a414                cleanup_glue
                0x3000a440                _reclaim_reent
                0x3000a548                _wrapup_reent
 .text          0x3000a5c0      0x114 /opt/CodeSourcery/Sourcery_G++_Lite/lib/gcc/arm-none-eabi/4.5.2/libgcc.a(_udivsi3.o)
                0x3000a5c0                __udivsi3
                0x3000a5c0                __aeabi_uidiv
                0x3000a6b4                __aeabi_uidivmod
 .text          0x3000a6d4      0x148 /opt/CodeSourcery/Sourcery_G++_Lite/lib/gcc/arm-none-eabi/4.5.2/libgcc.a(_divsi3.o)
                0x3000a6d4                __aeabi_idiv
                0x3000a6d4                __divsi3
                0x3000a7fc                __aeabi_idivmod
 .text          0x3000a81c        0x4 /opt/CodeSourcery/Sourcery_G++_Lite/lib/gcc/arm-none-eabi/4.5.2/libgcc.a(_dvmd_tls.o)
                0x3000a81c                __aeabi_ldiv0
                0x3000a81c                __aeabi_idiv0
 .text          0x3000a820      0x41c /opt/CodeSourcery/Sourcery_G++_Lite/lib/gcc/arm-none-eabi/4.5.2/libgcc.a(_arm_addsubdf3.o)
                0x3000a820                __aeabi_drsub
                0x3000a828                __aeabi_dsub
                0x3000a828                __subdf3
                0x3000a82c                __adddf3
                0x3000a82c                __aeabi_dadd
                0x3000ab3c                __aeabi_ui2d
                0x3000ab3c                __floatunsidf
                0x3000ab60                __floatsidf
                0x3000ab60                __aeabi_i2d
                0x3000ab88                __extendsfdf2
                0x3000ab88                __aeabi_f2d
                0x3000abc8                __aeabi_ul2d
                0x3000abc8                __floatundidf
                0x3000abdc                __floatdidf
                0x3000abdc                __aeabi_l2d
 .text          0x3000ac3c      0x49c /opt/CodeSourcery/Sourcery_G++_Lite/lib/gcc/arm-none-eabi/4.5.2/libgcc.a(_arm_muldivdf3.o)
                0x3000ac3c                __aeabi_dmul
                0x3000ac3c                __muldf3
                0x3000aecc                __aeabi_ddiv
                0x3000aecc                __divdf3
 .text          0x3000b0d8      0x144 /opt/CodeSourcery/Sourcery_G++_Lite/lib/gcc/arm-none-eabi/4.5.2/libgcc.a(_arm_cmpdf2.o)
                0x3000b0d8                __gtdf2
                0x3000b0d8                __gedf2
                0x3000b0e0                __ltdf2
                0x3000b0e0                __ledf2
                0x3000b0e8                __cmpdf2
                0x3000b0e8                __eqdf2
                0x3000b0e8                __nedf2
                0x3000b170                __aeabi_cdrcmple
                0x3000b18c                __aeabi_cdcmple
                0x3000b18c                __aeabi_cdcmpeq
                0x3000b1a4                __aeabi_dcmpeq
                0x3000b1bc                __aeabi_dcmplt
                0x3000b1d4                __aeabi_dcmple
                0x3000b1ec                __aeabi_dcmpge
                0x3000b204                __aeabi_dcmpgt
 .text          0x3000b21c       0x5c /opt/CodeSourcery/Sourcery_G++_Lite/lib/gcc/arm-none-eabi/4.5.2/libgcc.a(_arm_fixdfsi.o)
                0x3000b21c                __fixdfsi
                0x3000b21c                __aeabi_d2iz
 .text          0x3000b278       0x54 /opt/CodeSourcery/Sourcery_G++_Lite/lib/gcc/arm-none-eabi/4.5.2/libgcc.a(_arm_fixunsdfsi.o)
                0x3000b278                __fixunsdfsi
                0x3000b278                __aeabi_d2uiz
 .text          0x3000b2cc       0x3c /opt/CodeSourcery/Sourcery_G++_Lite/lib/gcc/arm-none-eabi/4.5.2/libgcc.a(_aeabi_uldivmod.o)
                0x3000b2cc                __aeabi_uldivmod
 .text          0x3000b308       0x80 /opt/CodeSourcery/Sourcery_G++_Lite/lib/gcc/arm-none-eabi/4.5.2/libgcc.a(bpabi.o)
                0x3000b308                __gnu_ldivmod_helper
                0x3000b348                __gnu_uldivmod_helper
 .text          0x3000b388      0x4a8 /opt/CodeSourcery/Sourcery_G++_Lite/lib/gcc/arm-none-eabi/4.5.2/libgcc.a(_divdi3.o)
                0x3000b388                __divdi3
 .text          0x3000b830      0x434 /opt/CodeSourcery/Sourcery_G++_Lite/lib/gcc/arm-none-eabi/4.5.2/libgcc.a(_udivdi3.o)
                0x3000b830                __udivdi3
 .text          0x3000bc64       0x48 /opt/CodeSourcery/Sourcery_G++_Lite/lib/gcc/arm-none-eabi/4.5.2/libgcc.a(_clzsi2.o)
                0x3000bc64                __clzsi2
                0x3000bcac                . = ALIGN (0x4)

.glue_7         0x3000bcac        0x0
 .glue_7        0x00000000        0x0 linker stubs

.glue_7t        0x3000bcac        0x0
 .glue_7t       0x00000000        0x0 linker stubs

.vfp11_veneer   0x3000bcac        0x0
 .vfp11_veneer  0x00000000        0x0 linker stubs

.v4_bx          0x3000bcac        0x0
 .v4_bx         0x00000000        0x0 linker stubs

.rodata         0x3000bcb0    0x4011c
                0x3000bcb0                rodata_start_addr = .
 *(.rodata)
 .rodata        0x3000bcb0       0x4c libc.o
 .rodata        0x3000bcfc    0x3fc24 Main.o
                0x3000bcfc                bicycle
 .rodata        0x3004b920       0x28 Uart.o
 .rodata        0x3004b948       0x1c key.o
 .rodata        0x3004b964      0x214 rtc.o
 .rodata        0x3004bb78       0x84 exception.o
 .rodata        0x3004bbfc        0x4 /opt/CodeSourcery/Sourcery_G++_Lite/arm-none-eabi/lib/libc.a(lib_a-impure.o)
                0x3004bbfc                _global_impure_ptr
 .rodata        0x3004bc00       0x20 /opt/CodeSourcery/Sourcery_G++_Lite/arm-none-eabi/lib/libc.a(lib_a-svfprintf.o)
 .rodata        0x3004bc20      0x128 /opt/CodeSourcery/Sourcery_G++_Lite/arm-none-eabi/lib/libc.a(lib_a-mprec.o)
                0x3004bc30                __mprec_tens
                0x3004bcf8                __mprec_bigtens
                0x3004bd20                __mprec_tinytens
 .rodata        0x3004bd48       0x20 /opt/CodeSourcery/Sourcery_G++_Lite/arm-none-eabi/lib/libc.a(lib_a-svfiprintf.o)
 *(.rodata.*)
 .rodata.str1.4
                0x3004bd68        0x2 /opt/CodeSourcery/Sourcery_G++_Lite/arm-none-eabi/lib/libc.a(lib_a-impure.o)
                                  0x4 (size before relaxing)
 *fill*         0x3004bd6a        0x2 00
 .rodata.str1.4
                0x3004bd6c       0x42 /opt/CodeSourcery/Sourcery_G++_Lite/arm-none-eabi/lib/libc.a(lib_a-svfprintf.o)
                                 0x44 (size before relaxing)
 *fill*         0x3004bdae        0x2 00
 .rodata.str1.4
                0x3004bdb0       0x10 /opt/CodeSourcery/Sourcery_G++_Lite/arm-none-eabi/lib/libc.a(lib_a-dtoa.o)
                                 0x14 (size before relaxing)
 .rodata.str1.4
                0x3004bdc0        0xc /opt/CodeSourcery/Sourcery_G++_Lite/arm-none-eabi/lib/libc.a(lib_a-locale.o)
                                 0x14 (size before relaxing)
 .rodata.str1.4
                0x00000000       0x30 /opt/CodeSourcery/Sourcery_G++_Lite/arm-none-eabi/lib/libc.a(lib_a-svfiprintf.o)
                0x3004bdcc                . = ALIGN (0x4)
                0x3004bdcc                rodata_end_addr = .

.ARM.extab      0x3004bdcc        0x0
 .ARM.extab     0x3004bdcc        0x0 /opt/CodeSourcery/Sourcery_G++_Lite/lib/gcc/arm-none-eabi/4.5.2/libgcc.a(_divdi3.o)
 .ARM.extab     0x3004bdcc        0x0 /opt/CodeSourcery/Sourcery_G++_Lite/lib/gcc/arm-none-eabi/4.5.2/libgcc.a(_udivdi3.o)

.ARM.exidx      0x3004bdcc        0x8
 .ARM.exidx     0x3004bdcc        0x8 /opt/CodeSourcery/Sourcery_G++_Lite/lib/gcc/arm-none-eabi/4.5.2/libgcc.a(_divdi3.o)
 .ARM.exidx     0x3004bdd4        0x0 /opt/CodeSourcery/Sourcery_G++_Lite/lib/gcc/arm-none-eabi/4.5.2/libgcc.a(_udivdi3.o)
                                  0x8 (size before relaxing)

.data           0x3004bdd8      0x8e8
                0x3004bdd8                data_start_addr = .
                0x3004bdd8                __DATA_START__ = .
 *(.data)
 .data          0x3004bdd8        0x0 s3c2450_startup.o
 .data          0x3004bdd8        0x0 Lcd.o
 .data          0x3004bdd8        0x4 libc.o
                0x3004bdd8                mallocPt
 .data          0x3004bddc        0x0 Main.o
 .data          0x3004bddc        0x0 Uart.o
 .data          0x3004bddc        0x0 timer.o
 .data          0x3004bddc        0x0 key.o
 .data          0x3004bddc       0x20 rtc.o
                0x3004bddc                day
 .data          0x3004bdfc        0x0 Wdt.o
 .data          0x3004bdfc        0x0 buzzer.o
 .data          0x3004bdfc        0x0 exception.o
 .data          0x3004bdfc        0x0 libs.o
 .data          0x3004bdfc        0x0 /opt/CodeSourcery/Sourcery_G++_Lite/arm-none-eabi/lib/libc.a(lib_a-vsprintf.o)
 *fill*         0x3004bdfc        0x4 00
 .data          0x3004be00      0x430 /opt/CodeSourcery/Sourcery_G++_Lite/arm-none-eabi/lib/libc.a(lib_a-impure.o)
                0x3004be00                _impure_ptr
 .data          0x3004c230        0x0 /opt/CodeSourcery/Sourcery_G++_Lite/arm-none-eabi/lib/libc.a(lib_a-svfprintf.o)
 .data          0x3004c230        0x0 /opt/CodeSourcery/Sourcery_G++_Lite/arm-none-eabi/lib/libc.a(lib_a-dtoa.o)
 .data          0x3004c230       0x7c /opt/CodeSourcery/Sourcery_G++_Lite/arm-none-eabi/lib/libc.a(lib_a-locale.o)
                0x3004c250                __mb_cur_max
 .data          0x3004c2ac      0x410 /opt/CodeSourcery/Sourcery_G++_Lite/arm-none-eabi/lib/libc.a(lib_a-mallocr.o)
                0x3004c2ac                __malloc_av_
                0x3004c6b4                __malloc_sbrk_base
                0x3004c6b8                __malloc_trim_threshold
 .data          0x3004c6bc        0x0 /opt/CodeSourcery/Sourcery_G++_Lite/arm-none-eabi/lib/libc.a(lib_a-memchr.o)
 .data          0x3004c6bc        0x0 /opt/CodeSourcery/Sourcery_G++_Lite/arm-none-eabi/lib/libc.a(lib_a-memcpy.o)
 .data          0x3004c6bc        0x0 /opt/CodeSourcery/Sourcery_G++_Lite/arm-none-eabi/lib/libc.a(lib_a-mlock.o)
 .data          0x3004c6bc        0x0 /opt/CodeSourcery/Sourcery_G++_Lite/arm-none-eabi/lib/libc.a(lib_a-mprec.o)
 .data          0x3004c6bc        0x0 /opt/CodeSourcery/Sourcery_G++_Lite/arm-none-eabi/lib/libc.a(lib_a-s_fpclassify.o)
 .data          0x3004c6bc        0x0 /opt/CodeSourcery/Sourcery_G++_Lite/arm-none-eabi/lib/libc.a(lib_a-sbrkr.o)
 .data          0x3004c6bc        0x0 /opt/CodeSourcery/Sourcery_G++_Lite/arm-none-eabi/lib/libc.a(lib_a-strcmp.o)
 .data          0x3004c6bc        0x0 /opt/CodeSourcery/Sourcery_G++_Lite/arm-none-eabi/lib/libc.a(lib_a-svfiprintf.o)
 .data          0x3004c6bc        0x0 /opt/CodeSourcery/Sourcery_G++_Lite/arm-none-eabi/lib/libc.a(lib_a-callocr.o)
 .data          0x3004c6bc        0x0 /opt/CodeSourcery/Sourcery_G++_Lite/arm-none-eabi/lib/libc.a(lib_a-freer.o)
 .data          0x3004c6bc        0x0 /opt/CodeSourcery/Sourcery_G++_Lite/arm-none-eabi/lib/libc.a(lib_a-memmove.o)
 .data          0x3004c6bc        0x0 /opt/CodeSourcery/Sourcery_G++_Lite/arm-none-eabi/lib/libc.a(lib_a-memset.o)
 .data          0x3004c6bc        0x0 /opt/CodeSourcery/Sourcery_G++_Lite/arm-none-eabi/lib/libc.a(lib_a-reallocr.o)
 .data          0x3004c6bc        0x0 /opt/CodeSourcery/Sourcery_G++_Lite/arm-none-eabi/lib/libc.a(lib_a-reent.o)
 .data          0x3004c6bc        0x0 /opt/CodeSourcery/Sourcery_G++_Lite/lib/gcc/arm-none-eabi/4.5.2/libgcc.a(_udivsi3.o)
 .data          0x3004c6bc        0x0 /opt/CodeSourcery/Sourcery_G++_Lite/lib/gcc/arm-none-eabi/4.5.2/libgcc.a(_divsi3.o)
 .data          0x3004c6bc        0x0 /opt/CodeSourcery/Sourcery_G++_Lite/lib/gcc/arm-none-eabi/4.5.2/libgcc.a(_dvmd_tls.o)
 .data          0x3004c6bc        0x0 /opt/CodeSourcery/Sourcery_G++_Lite/lib/gcc/arm-none-eabi/4.5.2/libgcc.a(_arm_addsubdf3.o)
 .data          0x3004c6bc        0x0 /opt/CodeSourcery/Sourcery_G++_Lite/lib/gcc/arm-none-eabi/4.5.2/libgcc.a(_arm_muldivdf3.o)
 .data          0x3004c6bc        0x0 /opt/CodeSourcery/Sourcery_G++_Lite/lib/gcc/arm-none-eabi/4.5.2/libgcc.a(_arm_cmpdf2.o)
 .data          0x3004c6bc        0x0 /opt/CodeSourcery/Sourcery_G++_Lite/lib/gcc/arm-none-eabi/4.5.2/libgcc.a(_arm_fixdfsi.o)
 .data          0x3004c6bc        0x0 /opt/CodeSourcery/Sourcery_G++_Lite/lib/gcc/arm-none-eabi/4.5.2/libgcc.a(_arm_fixunsdfsi.o)
 .data          0x3004c6bc        0x0 /opt/CodeSourcery/Sourcery_G++_Lite/lib/gcc/arm-none-eabi/4.5.2/libgcc.a(_aeabi_uldivmod.o)
 .data          0x3004c6bc        0x0 /opt/CodeSourcery/Sourcery_G++_Lite/lib/gcc/arm-none-eabi/4.5.2/libgcc.a(bpabi.o)
 .data          0x3004c6bc        0x0 /opt/CodeSourcery/Sourcery_G++_Lite/lib/gcc/arm-none-eabi/4.5.2/libgcc.a(_divdi3.o)
 .data          0x3004c6bc        0x0 /opt/CodeSourcery/Sourcery_G++_Lite/lib/gcc/arm-none-eabi/4.5.2/libgcc.a(_udivdi3.o)
 .data          0x3004c6bc        0x0 /opt/CodeSourcery/Sourcery_G++_Lite/lib/gcc/arm-none-eabi/4.5.2/libgcc.a(_clzsi2.o)
 *(.data.*)
                0x3004c6c0                . = ALIGN (0x8)
 *fill*         0x3004c6bc        0x4 00
                0x3004c6c0                data_end_addr = .
                0x3004c6c0                __DATA_END__ = .

.bss            0x3004c6c0       0x48
                0x3004c6c0                bss_start_addr = .
                0x3004c6c0                __BSS_START__ = .
 *(.bss)
 .bss           0x3004c6c0        0x0 s3c2450_startup.o
 .bss           0x3004c6c0        0x0 Lcd.o
 .bss           0x3004c6c0        0x0 libc.o
 .bss           0x3004c6c0        0x0 Main.o
 .bss           0x3004c6c0        0x0 Uart.o
 .bss           0x3004c6c0        0x0 timer.o
 .bss           0x3004c6c0        0x0 key.o
 .bss           0x3004c6c0        0x0 rtc.o
 .bss           0x3004c6c0        0x0 Wdt.o
 .bss           0x3004c6c0        0x0 buzzer.o
 .bss           0x3004c6c0        0x0 exception.o
 .bss           0x3004c6c0        0x0 libs.o
 .bss           0x3004c6c0        0x0 /opt/CodeSourcery/Sourcery_G++_Lite/arm-none-eabi/lib/libc.a(lib_a-vsprintf.o)
 .bss           0x3004c6c0        0x0 /opt/CodeSourcery/Sourcery_G++_Lite/arm-none-eabi/lib/libc.a(lib_a-impure.o)
 .bss           0x3004c6c0        0x0 /opt/CodeSourcery/Sourcery_G++_Lite/arm-none-eabi/lib/libc.a(lib_a-svfprintf.o)
 .bss           0x3004c6c0        0x0 /opt/CodeSourcery/Sourcery_G++_Lite/arm-none-eabi/lib/libc.a(lib_a-dtoa.o)
 .bss           0x3004c6c0        0xc /opt/CodeSourcery/Sourcery_G++_Lite/arm-none-eabi/lib/libc.a(lib_a-locale.o)
                0x3004c6c0                __nlocale_changed
                0x3004c6c4                __mlocale_changed
                0x3004c6c8                _PathLocale
 .bss           0x3004c6cc       0x34 /opt/CodeSourcery/Sourcery_G++_Lite/arm-none-eabi/lib/libc.a(lib_a-mallocr.o)
                0x3004c6cc                __malloc_top_pad
                0x3004c6d0                __malloc_current_mallinfo
                0x3004c6f8                __malloc_max_sbrked_mem
                0x3004c6fc                __malloc_max_total_mem
 .bss           0x3004c700        0x0 /opt/CodeSourcery/Sourcery_G++_Lite/arm-none-eabi/lib/libc.a(lib_a-memchr.o)
 .bss           0x3004c700        0x0 /opt/CodeSourcery/Sourcery_G++_Lite/arm-none-eabi/lib/libc.a(lib_a-memcpy.o)
 .bss           0x3004c700        0x0 /opt/CodeSourcery/Sourcery_G++_Lite/arm-none-eabi/lib/libc.a(lib_a-mlock.o)
 .bss           0x3004c700        0x0 /opt/CodeSourcery/Sourcery_G++_Lite/arm-none-eabi/lib/libc.a(lib_a-mprec.o)
 .bss           0x3004c700        0x0 /opt/CodeSourcery/Sourcery_G++_Lite/arm-none-eabi/lib/libc.a(lib_a-s_fpclassify.o)
 .bss           0x3004c700        0x0 /opt/CodeSourcery/Sourcery_G++_Lite/arm-none-eabi/lib/libc.a(lib_a-sbrkr.o)
 .bss           0x3004c700        0x0 /opt/CodeSourcery/Sourcery_G++_Lite/arm-none-eabi/lib/libc.a(lib_a-strcmp.o)
 .bss           0x3004c700        0x0 /opt/CodeSourcery/Sourcery_G++_Lite/arm-none-eabi/lib/libc.a(lib_a-svfiprintf.o)
 .bss           0x3004c700        0x0 /opt/CodeSourcery/Sourcery_G++_Lite/arm-none-eabi/lib/libc.a(lib_a-callocr.o)
 .bss           0x3004c700        0x0 /opt/CodeSourcery/Sourcery_G++_Lite/arm-none-eabi/lib/libc.a(lib_a-freer.o)
 .bss           0x3004c700        0x0 /opt/CodeSourcery/Sourcery_G++_Lite/arm-none-eabi/lib/libc.a(lib_a-memmove.o)
 .bss           0x3004c700        0x0 /opt/CodeSourcery/Sourcery_G++_Lite/arm-none-eabi/lib/libc.a(lib_a-memset.o)
 .bss           0x3004c700        0x0 /opt/CodeSourcery/Sourcery_G++_Lite/arm-none-eabi/lib/libc.a(lib_a-reallocr.o)
 .bss           0x3004c700        0x0 /opt/CodeSourcery/Sourcery_G++_Lite/arm-none-eabi/lib/libc.a(lib_a-reent.o)
 .bss           0x3004c700        0x0 /opt/CodeSourcery/Sourcery_G++_Lite/lib/gcc/arm-none-eabi/4.5.2/libgcc.a(_udivsi3.o)
 .bss           0x3004c700        0x0 /opt/CodeSourcery/Sourcery_G++_Lite/lib/gcc/arm-none-eabi/4.5.2/libgcc.a(_divsi3.o)
 .bss           0x3004c700        0x0 /opt/CodeSourcery/Sourcery_G++_Lite/lib/gcc/arm-none-eabi/4.5.2/libgcc.a(_dvmd_tls.o)
 .bss           0x3004c700        0x0 /opt/CodeSourcery/Sourcery_G++_Lite/lib/gcc/arm-none-eabi/4.5.2/libgcc.a(_arm_addsubdf3.o)
 .bss           0x3004c700        0x0 /opt/CodeSourcery/Sourcery_G++_Lite/lib/gcc/arm-none-eabi/4.5.2/libgcc.a(_arm_muldivdf3.o)
 .bss           0x3004c700        0x0 /opt/CodeSourcery/Sourcery_G++_Lite/lib/gcc/arm-none-eabi/4.5.2/libgcc.a(_arm_cmpdf2.o)
 .bss           0x3004c700        0x0 /opt/CodeSourcery/Sourcery_G++_Lite/lib/gcc/arm-none-eabi/4.5.2/libgcc.a(_arm_fixdfsi.o)
 .bss           0x3004c700        0x0 /opt/CodeSourcery/Sourcery_G++_Lite/lib/gcc/arm-none-eabi/4.5.2/libgcc.a(_arm_fixunsdfsi.o)
 .bss           0x3004c700        0x0 /opt/CodeSourcery/Sourcery_G++_Lite/lib/gcc/arm-none-eabi/4.5.2/libgcc.a(_aeabi_uldivmod.o)
 .bss           0x3004c700        0x0 /opt/CodeSourcery/Sourcery_G++_Lite/lib/gcc/arm-none-eabi/4.5.2/libgcc.a(bpabi.o)
 .bss           0x3004c700        0x0 /opt/CodeSourcery/Sourcery_G++_Lite/lib/gcc/arm-none-eabi/4.5.2/libgcc.a(_divdi3.o)
 .bss           0x3004c700        0x0 /opt/CodeSourcery/Sourcery_G++_Lite/lib/gcc/arm-none-eabi/4.5.2/libgcc.a(_udivdi3.o)
 .bss           0x3004c700        0x0 /opt/CodeSourcery/Sourcery_G++_Lite/lib/gcc/arm-none-eabi/4.5.2/libgcc.a(_clzsi2.o)
 *(.bss.*)
 *(COMMON)
 COMMON         0x3004c700        0x4 /opt/CodeSourcery/Sourcery_G++_Lite/arm-none-eabi/lib/libc.a(lib_a-reent.o)
                0x3004c700                errno
                0x3004c708                . = ALIGN (0x8)
 *fill*         0x3004c704        0x4 00
                0x3004c708                bss_end_addr = .
                0x3004c708                __BSS_END__ = .
                0x3004c708                end = .
                0x3004c708                PROVIDE (end, .)

.int_vec        0x33ffff00       0xc0
 s3c2450_startup.o(int_vect)
 int_vect       0x33ffff00       0xc0 s3c2450_startup.o
                0x33ffff00                HandleReset
                0x33ffff04                HandleUndef
                0x33ffff08                HandleSWI
                0x33ffff0c                HandlePabort
                0x33ffff10                HandleDabort
                0x33ffff14                HandleReserved
                0x33ffff18                HandleIRQ
                0x33ffff1c                HandleFIQ
                0x33ffff20                HandleEINT0
                0x33ffff24                HandleEINT1
                0x33ffff28                HandleEINT2
                0x33ffff2c                HandleEINT3
                0x33ffff30                HandleEINT4_7
                0x33ffff34                HandleEINT8_23
                0x33ffff38                HandleCAM
                0x33ffff3c                HandleBATFLT
                0x33ffff40                HandleTICK
                0x33ffff44                HandleWDT
                0x33ffff48                HandleTIMER0
                0x33ffff4c                HandleTIMER1
                0x33ffff50                HandleTIMER2
                0x33ffff54                HandleTIMER3
                0x33ffff58                HandleTIMER4
                0x33ffff5c                HandleUART2
                0x33ffff60                HandleLCD
                0x33ffff64                HandleDMA
                0x33ffff68                HandleUART3
                0x33ffff6c                HandleCFCON
                0x33ffff70                HandleSDI1
                0x33ffff74                HandleSDI0
                0x33ffff78                HandleSPI0
                0x33ffff7c                HandleUART1
                0x33ffff80                HandleNFCON
                0x33ffff84                HandleUSBD
                0x33ffff88                HandleUSBH
                0x33ffff8c                HandleIIC
                0x33ffff90                HandleUART0
                0x33ffff94                HandleSPI1
                0x33ffff98                HandleRTC
                0x33ffff9c                HandleADC
                0x33ffffa0                Handle2D
                0x33ffffa4                HandleIIC1
                0x33ffffa8                HandleRSV1
                0x33ffffac                HandleRSV2
                0x33ffffb0                HandlePCM0
                0x33ffffb4                HandlePCM1
                0x33ffffb8                HandleI2S0
                0x33ffffbc                HandleI2S1
LOAD Lcd.o
LOAD libc.o
LOAD Main.o
LOAD Uart.o
LOAD timer.o
LOAD key.o
LOAD rtc.o
LOAD Wdt.o
LOAD buzzer.o
LOAD exception.o
LOAD s3c2450_startup.o
LOAD libs.o
LOAD /opt/CodeSourcery/Sourcery_G++_Lite/arm-none-eabi/lib/libc.a
LOAD /opt/CodeSourcery/Sourcery_G++_Lite/lib/gcc/arm-none-eabi/4.5.2/libgcc.a
LOAD /opt/CodeSourcery/Sourcery_G++_Lite/lib/gcc/arm-none-eabi/4.5.2/libgcc.a
OUTPUT(MDS2450 elf32-littlearm)

.ARM.attributes
                0x00000000       0x28
 .ARM.attributes
                0x00000000       0x1c s3c2450_startup.o
 .ARM.attributes
                0x0000001c       0x2c Lcd.o
 .ARM.attributes
                0x00000048       0x2c libc.o
 .ARM.attributes
                0x00000074       0x2c Main.o
 .ARM.attributes
                0x000000a0       0x2c Uart.o
 .ARM.attributes
                0x000000cc       0x2c timer.o
 .ARM.attributes
                0x000000f8       0x2c key.o
 .ARM.attributes
                0x00000124       0x2c rtc.o
 .ARM.attributes
                0x00000150       0x2c Wdt.o
 .ARM.attributes
                0x0000017c       0x2c buzzer.o
 .ARM.attributes
                0x000001a8       0x2c exception.o
 .ARM.attributes
                0x000001d4       0x1c libs.o
 .ARM.attributes
                0x000001f0       0x34 /opt/CodeSourcery/Sourcery_G++_Lite/arm-none-eabi/lib/libc.a(lib_a-vsprintf.o)
 .ARM.attributes
                0x00000224       0x34 /opt/CodeSourcery/Sourcery_G++_Lite/arm-none-eabi/lib/libc.a(lib_a-impure.o)
 .ARM.attributes
                0x00000258       0x34 /opt/CodeSourcery/Sourcery_G++_Lite/arm-none-eabi/lib/libc.a(lib_a-svfprintf.o)
 .ARM.attributes
                0x0000028c       0x34 /opt/CodeSourcery/Sourcery_G++_Lite/arm-none-eabi/lib/libc.a(lib_a-dtoa.o)
 .ARM.attributes
                0x000002c0       0x34 /opt/CodeSourcery/Sourcery_G++_Lite/arm-none-eabi/lib/libc.a(lib_a-locale.o)
 .ARM.attributes
                0x000002f4       0x34 /opt/CodeSourcery/Sourcery_G++_Lite/arm-none-eabi/lib/libc.a(lib_a-mallocr.o)
 .ARM.attributes
                0x00000328       0x34 /opt/CodeSourcery/Sourcery_G++_Lite/arm-none-eabi/lib/libc.a(lib_a-memchr.o)
 .ARM.attributes
                0x0000035c       0x34 /opt/CodeSourcery/Sourcery_G++_Lite/arm-none-eabi/lib/libc.a(lib_a-memcpy.o)
 .ARM.attributes
                0x00000390       0x34 /opt/CodeSourcery/Sourcery_G++_Lite/arm-none-eabi/lib/libc.a(lib_a-mlock.o)
 .ARM.attributes
                0x000003c4       0x34 /opt/CodeSourcery/Sourcery_G++_Lite/arm-none-eabi/lib/libc.a(lib_a-mprec.o)
 .ARM.attributes
                0x000003f8       0x34 /opt/CodeSourcery/Sourcery_G++_Lite/arm-none-eabi/lib/libc.a(lib_a-s_fpclassify.o)
 .ARM.attributes
                0x0000042c       0x34 /opt/CodeSourcery/Sourcery_G++_Lite/arm-none-eabi/lib/libc.a(lib_a-sbrkr.o)
 .ARM.attributes
                0x00000460       0x34 /opt/CodeSourcery/Sourcery_G++_Lite/arm-none-eabi/lib/libc.a(lib_a-strcmp.o)
 .ARM.attributes
                0x00000494       0x34 /opt/CodeSourcery/Sourcery_G++_Lite/arm-none-eabi/lib/libc.a(lib_a-svfiprintf.o)
 .ARM.attributes
                0x000004c8       0x34 /opt/CodeSourcery/Sourcery_G++_Lite/arm-none-eabi/lib/libc.a(lib_a-callocr.o)
 .ARM.attributes
                0x000004fc       0x34 /opt/CodeSourcery/Sourcery_G++_Lite/arm-none-eabi/lib/libc.a(lib_a-freer.o)
 .ARM.attributes
                0x00000530       0x34 /opt/CodeSourcery/Sourcery_G++_Lite/arm-none-eabi/lib/libc.a(lib_a-memmove.o)
 .ARM.attributes
                0x00000564       0x34 /opt/CodeSourcery/Sourcery_G++_Lite/arm-none-eabi/lib/libc.a(lib_a-memset.o)
 .ARM.attributes
                0x00000598       0x34 /opt/CodeSourcery/Sourcery_G++_Lite/arm-none-eabi/lib/libc.a(lib_a-reallocr.o)
 .ARM.attributes
                0x000005cc       0x34 /opt/CodeSourcery/Sourcery_G++_Lite/arm-none-eabi/lib/libc.a(lib_a-reent.o)
 .ARM.attributes
                0x00000600       0x1a /opt/CodeSourcery/Sourcery_G++_Lite/lib/gcc/arm-none-eabi/4.5.2/libgcc.a(_udivsi3.o)
 .ARM.attributes
                0x0000061a       0x1a /opt/CodeSourcery/Sourcery_G++_Lite/lib/gcc/arm-none-eabi/4.5.2/libgcc.a(_divsi3.o)
 .ARM.attributes
                0x00000634       0x18 /opt/CodeSourcery/Sourcery_G++_Lite/lib/gcc/arm-none-eabi/4.5.2/libgcc.a(_dvmd_tls.o)
 .ARM.attributes
                0x0000064c       0x1a /opt/CodeSourcery/Sourcery_G++_Lite/lib/gcc/arm-none-eabi/4.5.2/libgcc.a(_arm_addsubdf3.o)
 .ARM.attributes
                0x00000666       0x1a /opt/CodeSourcery/Sourcery_G++_Lite/lib/gcc/arm-none-eabi/4.5.2/libgcc.a(_arm_muldivdf3.o)
 .ARM.attributes
                0x00000680       0x1a /opt/CodeSourcery/Sourcery_G++_Lite/lib/gcc/arm-none-eabi/4.5.2/libgcc.a(_arm_cmpdf2.o)
 .ARM.attributes
                0x0000069a       0x1a /opt/CodeSourcery/Sourcery_G++_Lite/lib/gcc/arm-none-eabi/4.5.2/libgcc.a(_arm_fixdfsi.o)
 .ARM.attributes
                0x000006b4       0x1a /opt/CodeSourcery/Sourcery_G++_Lite/lib/gcc/arm-none-eabi/4.5.2/libgcc.a(_arm_fixunsdfsi.o)
 .ARM.attributes
                0x000006ce       0x1a /opt/CodeSourcery/Sourcery_G++_Lite/lib/gcc/arm-none-eabi/4.5.2/libgcc.a(_aeabi_uldivmod.o)
 .ARM.attributes
                0x000006e8       0x34 /opt/CodeSourcery/Sourcery_G++_Lite/lib/gcc/arm-none-eabi/4.5.2/libgcc.a(bpabi.o)
 .ARM.attributes
                0x0000071c       0x34 /opt/CodeSourcery/Sourcery_G++_Lite/lib/gcc/arm-none-eabi/4.5.2/libgcc.a(_divdi3.o)
 .ARM.attributes
                0x00000750       0x34 /opt/CodeSourcery/Sourcery_G++_Lite/lib/gcc/arm-none-eabi/4.5.2/libgcc.a(_udivdi3.o)
 .ARM.attributes
                0x00000784       0x1a /opt/CodeSourcery/Sourcery_G++_Lite/lib/gcc/arm-none-eabi/4.5.2/libgcc.a(_clzsi2.o)

.comment        0x00000000       0x2a
 .comment       0x00000000       0x2a Lcd.o
                                 0x2b (size before relaxing)
 .comment       0x00000000       0x2b libc.o
 .comment       0x00000000       0x2b Main.o
 .comment       0x00000000       0x2b Uart.o
 .comment       0x00000000       0x2b timer.o
 .comment       0x00000000       0x2b key.o
 .comment       0x00000000       0x2b rtc.o
 .comment       0x00000000       0x2b Wdt.o
 .comment       0x00000000       0x2b buzzer.o
 .comment       0x00000000       0x2b exception.o

.debug_line     0x00000000      0x85b
 .debug_line    0x00000000       0xbe s3c2450_startup.o
 .debug_line    0x000000be       0x7f Lcd.o
 .debug_line    0x0000013d      0x123 libc.o
 .debug_line    0x00000260       0x76 Main.o
 .debug_line    0x000002d6      0x157 Uart.o
 .debug_line    0x0000042d       0x61 timer.o
 .debug_line    0x0000048e       0xa0 key.o
 .debug_line    0x0000052e       0xb4 rtc.o
 .debug_line    0x000005e2       0x6b Wdt.o
 .debug_line    0x0000064d       0x94 buzzer.o
 .debug_line    0x000006e1       0x67 exception.o
 .debug_line    0x00000748      0x113 libs.o

.debug_info     0x00000000     0x1076
 .debug_info    0x00000000       0x79 s3c2450_startup.o
 .debug_info    0x00000079      0x185 Lcd.o
 .debug_info    0x000001fe      0x2f1 libc.o
 .debug_info    0x000004ef       0xac Main.o
 .debug_info    0x0000059b      0x30e Uart.o
 .debug_info    0x000008a9       0x9f timer.o
 .debug_info    0x00000948      0x159 key.o
 .debug_info    0x00000aa1      0x236 rtc.o
 .debug_info    0x00000cd7       0xfa Wdt.o
 .debug_info    0x00000dd1      0x107 buzzer.o
 .debug_info    0x00000ed8      0x130 exception.o
 .debug_info    0x00001008       0x6e libs.o

.debug_abbrev   0x00000000      0x6d3
 .debug_abbrev  0x00000000       0x14 s3c2450_startup.o
 .debug_abbrev  0x00000014       0xa2 Lcd.o
 .debug_abbrev  0x000000b6      0x15c libc.o
 .debug_abbrev  0x00000212       0x8f Main.o
 .debug_abbrev  0x000002a1       0xe8 Uart.o
 .debug_abbrev  0x00000389       0x7c timer.o
 .debug_abbrev  0x00000405       0x9e key.o
 .debug_abbrev  0x000004a3       0xb1 rtc.o
 .debug_abbrev  0x00000554       0x7a Wdt.o
 .debug_abbrev  0x000005ce       0x74 buzzer.o
 .debug_abbrev  0x00000642       0x7d exception.o
 .debug_abbrev  0x000006bf       0x14 libs.o

.debug_aranges  0x00000000      0x180
 .debug_aranges
                0x00000000       0x20 s3c2450_startup.o
 .debug_aranges
                0x00000020       0x20 Lcd.o
 .debug_aranges
                0x00000040       0x20 libc.o
 .debug_aranges
                0x00000060       0x20 Main.o
 .debug_aranges
                0x00000080       0x20 Uart.o
 .debug_aranges
                0x000000a0       0x20 timer.o
 .debug_aranges
                0x000000c0       0x20 key.o
 .debug_aranges
                0x000000e0       0x20 rtc.o
 .debug_aranges
                0x00000100       0x20 Wdt.o
 .debug_aranges
                0x00000120       0x20 buzzer.o
 .debug_aranges
                0x00000140       0x20 exception.o
 .debug_aranges
                0x00000160       0x20 libs.o

.debug_loc      0x00000000      0xaa8
 .debug_loc     0x00000000      0x134 Lcd.o
 .debug_loc     0x00000134      0x210 libc.o
 .debug_loc     0x00000344       0x58 Main.o
 .debug_loc     0x0000039c      0x210 Uart.o
 .debug_loc     0x000005ac       0xb0 timer.o
 .debug_loc     0x0000065c      0x108 key.o
 .debug_loc     0x00000764       0x84 rtc.o
 .debug_loc     0x000007e8      0x108 Wdt.o
 .debug_loc     0x000008f0       0xdc buzzer.o
 .debug_loc     0x000009cc       0xdc exception.o

.debug_pubnames
                0x00000000      0x4c9
 .debug_pubnames
                0x00000000       0x8e Lcd.o
 .debug_pubnames
                0x0000008e       0xcc libc.o
 .debug_pubnames
                0x0000015a       0x36 Main.o
 .debug_pubnames
                0x00000190       0xd9 Uart.o
 .debug_pubnames
                0x00000269       0x5c timer.o
 .debug_pubnames
                0x000002c5       0x88 key.o
 .debug_pubnames
                0x0000034d       0x47 rtc.o
 .debug_pubnames
                0x00000394       0x6c Wdt.o
 .debug_pubnames
                0x00000400       0x5c buzzer.o
 .debug_pubnames
                0x0000045c       0x6d exception.o

.debug_str      0x00000000      0x58f
 .debug_str     0x00000000       0xdc Lcd.o
                                 0xe9 (size before relaxing)
 .debug_str     0x000000dc       0xee libc.o
                                0x145 (size before relaxing)
 .debug_str     0x000001ca       0x1f Main.o
                                 0x89 (size before relaxing)
 .debug_str     0x000001e9       0xe5 Uart.o
                                0x146 (size before relaxing)
 .debug_str     0x000002ce       0x47 timer.o
                                 0x9e (size before relaxing)
 .debug_str     0x00000315       0xa9 key.o
                                0x100 (size before relaxing)
 .debug_str     0x000003be       0x8c rtc.o
                                0x120 (size before relaxing)
 .debug_str     0x0000044a       0x5d Wdt.o
                                 0xb9 (size before relaxing)
 .debug_str     0x000004a7       0x4d buzzer.o
                                 0xc1 (size before relaxing)
 .debug_str     0x000004f4       0x9b exception.o
                                 0xf2 (size before relaxing)

.debug_frame    0x00000000     0x1060
 .debug_frame   0x00000000       0xf8 Lcd.o
 .debug_frame   0x000000f8      0x190 libc.o
 .debug_frame   0x00000288       0x58 Main.o
 .debug_frame   0x000002e0      0x19c Uart.o
 .debug_frame   0x0000047c       0x98 timer.o
 .debug_frame   0x00000514       0xd8 key.o
 .debug_frame   0x000005ec       0x70 rtc.o
 .debug_frame   0x0000065c       0xd0 Wdt.o
 .debug_frame   0x0000072c       0xb4 buzzer.o
 .debug_frame   0x000007e0       0xb0 exception.o
 .debug_frame   0x00000890       0x44 /opt/CodeSourcery/Sourcery_G++_Lite/arm-none-eabi/lib/libc.a(lib_a-vsprintf.o)
 .debug_frame   0x000008d4       0x3c /opt/CodeSourcery/Sourcery_G++_Lite/arm-none-eabi/lib/libc.a(lib_a-svfprintf.o)
 .debug_frame   0x00000910       0x64 /opt/CodeSourcery/Sourcery_G++_Lite/arm-none-eabi/lib/libc.a(lib_a-dtoa.o)
 .debug_frame   0x00000974       0x98 /opt/CodeSourcery/Sourcery_G++_Lite/arm-none-eabi/lib/libc.a(lib_a-locale.o)
 .debug_frame   0x00000a0c       0x3c /opt/CodeSourcery/Sourcery_G++_Lite/arm-none-eabi/lib/libc.a(lib_a-mallocr.o)
 .debug_frame   0x00000a48       0x2c /opt/CodeSourcery/Sourcery_G++_Lite/arm-none-eabi/lib/libc.a(lib_a-memchr.o)
 .debug_frame   0x00000a74       0x30 /opt/CodeSourcery/Sourcery_G++_Lite/arm-none-eabi/lib/libc.a(lib_a-memcpy.o)
 .debug_frame   0x00000aa4       0x30 /opt/CodeSourcery/Sourcery_G++_Lite/arm-none-eabi/lib/libc.a(lib_a-mlock.o)
 .debug_frame   0x00000ad4      0x228 /opt/CodeSourcery/Sourcery_G++_Lite/arm-none-eabi/lib/libc.a(lib_a-mprec.o)
 .debug_frame   0x00000cfc       0x28 /opt/CodeSourcery/Sourcery_G++_Lite/arm-none-eabi/lib/libc.a(lib_a-s_fpclassify.o)
 .debug_frame   0x00000d24       0x2c /opt/CodeSourcery/Sourcery_G++_Lite/arm-none-eabi/lib/libc.a(lib_a-sbrkr.o)
 .debug_frame   0x00000d50       0x30 /opt/CodeSourcery/Sourcery_G++_Lite/arm-none-eabi/lib/libc.a(lib_a-strcmp.o)
 .debug_frame   0x00000d80       0x68 /opt/CodeSourcery/Sourcery_G++_Lite/arm-none-eabi/lib/libc.a(lib_a-svfiprintf.o)
 .debug_frame   0x00000de8       0x28 /opt/CodeSourcery/Sourcery_G++_Lite/arm-none-eabi/lib/libc.a(lib_a-callocr.o)
 .debug_frame   0x00000e10       0x50 /opt/CodeSourcery/Sourcery_G++_Lite/arm-none-eabi/lib/libc.a(lib_a-freer.o)
 .debug_frame   0x00000e60       0x2c /opt/CodeSourcery/Sourcery_G++_Lite/arm-none-eabi/lib/libc.a(lib_a-memmove.o)
 .debug_frame   0x00000e8c       0x28 /opt/CodeSourcery/Sourcery_G++_Lite/arm-none-eabi/lib/libc.a(lib_a-memset.o)
 .debug_frame   0x00000eb4       0x3c /opt/CodeSourcery/Sourcery_G++_Lite/arm-none-eabi/lib/libc.a(lib_a-reallocr.o)
 .debug_frame   0x00000ef0       0x68 /opt/CodeSourcery/Sourcery_G++_Lite/arm-none-eabi/lib/libc.a(lib_a-reent.o)
 .debug_frame   0x00000f58       0x20 /opt/CodeSourcery/Sourcery_G++_Lite/lib/gcc/arm-none-eabi/4.5.2/libgcc.a(_udivsi3.o)
 .debug_frame   0x00000f78       0x20 /opt/CodeSourcery/Sourcery_G++_Lite/lib/gcc/arm-none-eabi/4.5.2/libgcc.a(_divsi3.o)
 .debug_frame   0x00000f98       0x50 /opt/CodeSourcery/Sourcery_G++_Lite/lib/gcc/arm-none-eabi/4.5.2/libgcc.a(bpabi.o)
 .debug_frame   0x00000fe8       0x3c /opt/CodeSourcery/Sourcery_G++_Lite/lib/gcc/arm-none-eabi/4.5.2/libgcc.a(_divdi3.o)
 .debug_frame   0x00001024       0x3c /opt/CodeSourcery/Sourcery_G++_Lite/lib/gcc/arm-none-eabi/4.5.2/libgcc.a(_udivdi3.o)

.debug_pubtypes
                0x00000000       0x30
 .debug_pubtypes
                0x00000000       0x12 libc.o
 .debug_pubtypes
                0x00000012       0x1e Uart.o

Cross Reference Table

Symbol                                            File
Beep                                              buzzer.o
BuzzerTest                                        buzzer.o
Buzzer_Beep                                       buzzer.o
Buzzer_Init                                       buzzer.o
CLR_IF                                            libs.o
CONDITIONAL_EXECUTE                               libs.o
ChangeRomCacheStatus                              libc.o
DATA_PROCESS1                                     libs.o
DATA_PROCESS2                                     libs.o
Dabort_Handler                                    exception.o
DelayForPlay2                                     buzzer.o
Display_Rtc                                       rtc.o
                                                  Main.o
ElapseTimer_Start                                 timer.o
ElapseTimer_Stop                                  timer.o
Exception_Init                                    exception.o
                                                  s3c2450_startup.o
GRT_COM_MES                                       libs.o
Graphic_Init                                      Lcd.o
HOW_TO_RETURN                                     libs.o
Handle2D                                          s3c2450_startup.o
HandleADC                                         s3c2450_startup.o
HandleBATFLT                                      s3c2450_startup.o
HandleCAM                                         s3c2450_startup.o
HandleCFCON                                       s3c2450_startup.o
HandleDMA                                         s3c2450_startup.o
HandleDabort                                      s3c2450_startup.o
                                                  exception.o
HandleEINT0                                       s3c2450_startup.o
HandleEINT1                                       s3c2450_startup.o
HandleEINT2                                       s3c2450_startup.o
                                                  key.o
HandleEINT3                                       s3c2450_startup.o
                                                  key.o
HandleEINT4_7                                     s3c2450_startup.o
                                                  key.o
HandleEINT8_23                                    s3c2450_startup.o
HandleFIQ                                         s3c2450_startup.o
HandleI2S0                                        s3c2450_startup.o
HandleI2S1                                        s3c2450_startup.o
HandleIIC                                         s3c2450_startup.o
HandleIIC1                                        s3c2450_startup.o
HandleIRQ                                         s3c2450_startup.o
HandleLCD                                         s3c2450_startup.o
HandleNFCON                                       s3c2450_startup.o
HandlePCM0                                        s3c2450_startup.o
HandlePCM1                                        s3c2450_startup.o
HandlePabort                                      s3c2450_startup.o
                                                  exception.o
HandleRSV1                                        s3c2450_startup.o
HandleRSV2                                        s3c2450_startup.o
HandleRTC                                         s3c2450_startup.o
HandleReserved                                    s3c2450_startup.o
HandleReset                                       s3c2450_startup.o
HandleSDI0                                        s3c2450_startup.o
HandleSDI1                                        s3c2450_startup.o
HandleSPI0                                        s3c2450_startup.o
HandleSPI1                                        s3c2450_startup.o
HandleSWI                                         s3c2450_startup.o
                                                  exception.o
HandleTICK                                        s3c2450_startup.o
HandleTIMER0                                      s3c2450_startup.o
HandleTIMER1                                      s3c2450_startup.o
HandleTIMER2                                      s3c2450_startup.o
HandleTIMER3                                      s3c2450_startup.o
HandleTIMER4                                      s3c2450_startup.o
HandleUART0                                       s3c2450_startup.o
HandleUART1                                       s3c2450_startup.o
HandleUART2                                       s3c2450_startup.o
HandleUART3                                       s3c2450_startup.o
HandleUSBD                                        s3c2450_startup.o
HandleUSBH                                        s3c2450_startup.o
HandleUndef                                       s3c2450_startup.o
                                                  exception.o
HandleWDT                                         s3c2450_startup.o
IsrIRQ                                            s3c2450_startup.o
Key_Get_Pressed                                   key.o
Key_INT_Init                                      key.o
Key_ISR                                           key.o
Key_Port_Init                                     key.o
Key_Wait_Get_Pressed                              key.o
Key_Wait_Get_Released                             key.o
Lcd_Draw_BMP                                      Lcd.o
Lcd_Envid_On_Off                                  Lcd.o
Lcd_Init                                          Lcd.o
Lcd_Port_Init                                     Lcd.o
Lcd_Put_Pixel                                     Lcd.o
Lcd_Set_Address                                   Lcd.o
Led_Display                                       libc.o
                                                  Main.o
Led_Port_Init                                     libc.o
                                                  Main.o
MEMCPY                                            libs.o
MEMCPY_MULTIPLE                                   libs.o
MEMCPY_SINGLE                                     libs.o
MMU_CleanDCacheIndex                              libs.o
MMU_CleanDCacheMVA                                libs.o
MMU_CleanInvalidateDCacheIndex                    libs.o
                                                  libc.o
MMU_CleanInvalidateDCacheMVA                      libs.o
MMU_DisableAlignFault                             libs.o
MMU_DisableDCache                                 libs.o
                                                  libc.o
MMU_DisableICache                                 libs.o
                                                  libc.o
MMU_DisableMMU                                    libs.o
                                                  libc.o
MMU_EnableAlignFault                              libs.o
                                                  libc.o
MMU_EnableDCache                                  libs.o
                                                  libc.o
MMU_EnableICache                                  libs.o
                                                  libc.o
MMU_EnableMMU                                     libs.o
                                                  libc.o
MMU_Init                                          libc.o
                                                  Main.o
MMU_InvalidateDCache                              libs.o
MMU_InvalidateDCacheMVA                           libs.o
MMU_InvalidateDTLB                                libs.o
MMU_InvalidateDTLBMVA                             libs.o
MMU_InvalidateICache                              libs.o
                                                  libc.o
MMU_InvalidateICacheMVA                           libs.o
MMU_InvalidateIDCache                             libs.o
MMU_InvalidateITLB                                libs.o
MMU_InvalidateITLBMVA                             libs.o
MMU_InvalidateTLB                                 libs.o
                                                  libc.o
MMU_PrefetchICacheMVA                             libs.o
MMU_SetAsyncBusMode                               libs.o
MMU_SetDCacheLockdownBase                         libs.o
MMU_SetDTLBLockdown                               libs.o
MMU_SetDomain                                     libs.o
                                                  libc.o
MMU_SetFastBusMode                                libs.o
MMU_SetICacheLockdownBase                         libs.o
MMU_SetITLBLockdown                               libs.o
MMU_SetMTT                                        libc.o
MMU_SetProcessId                                  libs.o
                                                  libc.o
MMU_SetTTBase                                     libs.o
                                                  libc.o
MMU_WaitForInterrupt                              libs.o
Main                                              Main.o
                                                  s3c2450_startup.o
MemDump                                           libc.o
MemFill                                           libc.o
Pabort_Handler                                    exception.o
ResetHandler                                      s3c2450_startup.o
Rtc_Init                                          rtc.o
Rtc_TimeSet                                       rtc.o
                                                  Main.o
SET_IF                                            libs.o
SUM_OF_DEC                                        libs.o
SWI_Handler                                       exception.o
Timer0_ISR                                        Main.o
Timer_Delay                                       timer.o
Timer_Init                                        timer.o
Uart_GetChar                                      Uart.o
Uart_GetIntNum                                    Uart.o
                                                  rtc.o
Uart_GetKey                                       Uart.o
Uart_GetString                                    Uart.o
Uart_Get_Pressed                                  Uart.o
                                                  rtc.o
Uart_Init                                         Uart.o
                                                  Main.o
Uart_Printf                                       Uart.o
                                                  exception.o
                                                  rtc.o
                                                  key.o
                                                  libc.o
Uart_Send_Byte                                    Uart.o
Uart_Send_String                                  Uart.o
                                                  key.o
                                                  Main.o
Uart_TxEmpty                                      Uart.o
Undef_Handler                                     exception.o
WDT_Clear                                         Wdt.o
WDT_Clear2                                        Wdt.o
WDT_Init                                          Wdt.o
WDT_Reset_Enable                                  Wdt.o
WDT_Start                                         Wdt.o
WDT_Test                                          Wdt.o
WR_IF                                             libs.o
_Balloc                                           /opt/CodeSourcery/Sourcery_G++_Lite/arm-none-eabi/lib/libc.a(lib_a-mprec.o)
                                                  /opt/CodeSourcery/Sourcery_G++_Lite/arm-none-eabi/lib/libc.a(lib_a-dtoa.o)
_Bfree                                            /opt/CodeSourcery/Sourcery_G++_Lite/arm-none-eabi/lib/libc.a(lib_a-mprec.o)
                                                  /opt/CodeSourcery/Sourcery_G++_Lite/arm-none-eabi/lib/libc.a(lib_a-dtoa.o)
_PathLocale                                       /opt/CodeSourcery/Sourcery_G++_Lite/arm-none-eabi/lib/libc.a(lib_a-locale.o)
__adddf3                                          /opt/CodeSourcery/Sourcery_G++_Lite/lib/gcc/arm-none-eabi/4.5.2/libgcc.a(_arm_addsubdf3.o)
__aeabi_cdcmpeq                                   /opt/CodeSourcery/Sourcery_G++_Lite/lib/gcc/arm-none-eabi/4.5.2/libgcc.a(_arm_cmpdf2.o)
__aeabi_cdcmple                                   /opt/CodeSourcery/Sourcery_G++_Lite/lib/gcc/arm-none-eabi/4.5.2/libgcc.a(_arm_cmpdf2.o)
__aeabi_cdrcmple                                  /opt/CodeSourcery/Sourcery_G++_Lite/lib/gcc/arm-none-eabi/4.5.2/libgcc.a(_arm_cmpdf2.o)
__aeabi_d2iz                                      /opt/CodeSourcery/Sourcery_G++_Lite/lib/gcc/arm-none-eabi/4.5.2/libgcc.a(_arm_fixdfsi.o)
                                                  /opt/CodeSourcery/Sourcery_G++_Lite/arm-none-eabi/lib/libc.a(lib_a-dtoa.o)
__aeabi_d2uiz                                     /opt/CodeSourcery/Sourcery_G++_Lite/lib/gcc/arm-none-eabi/4.5.2/libgcc.a(_arm_fixunsdfsi.o)
                                                  buzzer.o
                                                  timer.o
                                                  Uart.o
__aeabi_dadd                                      /opt/CodeSourcery/Sourcery_G++_Lite/lib/gcc/arm-none-eabi/4.5.2/libgcc.a(_arm_addsubdf3.o)
                                                  /opt/CodeSourcery/Sourcery_G++_Lite/arm-none-eabi/lib/libc.a(lib_a-dtoa.o)
                                                  Uart.o
__aeabi_dcmpeq                                    /opt/CodeSourcery/Sourcery_G++_Lite/lib/gcc/arm-none-eabi/4.5.2/libgcc.a(_arm_cmpdf2.o)
                                                  /opt/CodeSourcery/Sourcery_G++_Lite/arm-none-eabi/lib/libc.a(lib_a-dtoa.o)
                                                  /opt/CodeSourcery/Sourcery_G++_Lite/arm-none-eabi/lib/libc.a(lib_a-svfprintf.o)
__aeabi_dcmpge                                    /opt/CodeSourcery/Sourcery_G++_Lite/lib/gcc/arm-none-eabi/4.5.2/libgcc.a(_arm_cmpdf2.o)
                                                  /opt/CodeSourcery/Sourcery_G++_Lite/arm-none-eabi/lib/libc.a(lib_a-dtoa.o)
__aeabi_dcmpgt                                    /opt/CodeSourcery/Sourcery_G++_Lite/lib/gcc/arm-none-eabi/4.5.2/libgcc.a(_arm_cmpdf2.o)
                                                  /opt/CodeSourcery/Sourcery_G++_Lite/arm-none-eabi/lib/libc.a(lib_a-dtoa.o)
__aeabi_dcmple                                    /opt/CodeSourcery/Sourcery_G++_Lite/lib/gcc/arm-none-eabi/4.5.2/libgcc.a(_arm_cmpdf2.o)
__aeabi_dcmplt                                    /opt/CodeSourcery/Sourcery_G++_Lite/lib/gcc/arm-none-eabi/4.5.2/libgcc.a(_arm_cmpdf2.o)
                                                  /opt/CodeSourcery/Sourcery_G++_Lite/arm-none-eabi/lib/libc.a(lib_a-dtoa.o)
                                                  /opt/CodeSourcery/Sourcery_G++_Lite/arm-none-eabi/lib/libc.a(lib_a-svfprintf.o)
__aeabi_ddiv                                      /opt/CodeSourcery/Sourcery_G++_Lite/lib/gcc/arm-none-eabi/4.5.2/libgcc.a(_arm_muldivdf3.o)
                                                  /opt/CodeSourcery/Sourcery_G++_Lite/arm-none-eabi/lib/libc.a(lib_a-mprec.o)
                                                  /opt/CodeSourcery/Sourcery_G++_Lite/arm-none-eabi/lib/libc.a(lib_a-dtoa.o)
                                                  timer.o
                                                  Uart.o
__aeabi_dmul                                      /opt/CodeSourcery/Sourcery_G++_Lite/lib/gcc/arm-none-eabi/4.5.2/libgcc.a(_arm_muldivdf3.o)
                                                  /opt/CodeSourcery/Sourcery_G++_Lite/arm-none-eabi/lib/libc.a(lib_a-mprec.o)
                                                  /opt/CodeSourcery/Sourcery_G++_Lite/arm-none-eabi/lib/libc.a(lib_a-dtoa.o)
                                                  buzzer.o
                                                  timer.o
__aeabi_drsub                                     /opt/CodeSourcery/Sourcery_G++_Lite/lib/gcc/arm-none-eabi/4.5.2/libgcc.a(_arm_addsubdf3.o)
__aeabi_dsub                                      /opt/CodeSourcery/Sourcery_G++_Lite/lib/gcc/arm-none-eabi/4.5.2/libgcc.a(_arm_addsubdf3.o)
                                                  /opt/CodeSourcery/Sourcery_G++_Lite/arm-none-eabi/lib/libc.a(lib_a-dtoa.o)
__aeabi_f2d                                       /opt/CodeSourcery/Sourcery_G++_Lite/lib/gcc/arm-none-eabi/4.5.2/libgcc.a(_arm_addsubdf3.o)
__aeabi_i2d                                       /opt/CodeSourcery/Sourcery_G++_Lite/lib/gcc/arm-none-eabi/4.5.2/libgcc.a(_arm_addsubdf3.o)
                                                  /opt/CodeSourcery/Sourcery_G++_Lite/arm-none-eabi/lib/libc.a(lib_a-dtoa.o)
                                                  buzzer.o
                                                  timer.o
                                                  Uart.o
__aeabi_idiv                                      /opt/CodeSourcery/Sourcery_G++_Lite/lib/gcc/arm-none-eabi/4.5.2/libgcc.a(_divsi3.o)
                                                  buzzer.o
__aeabi_idiv0                                     /opt/CodeSourcery/Sourcery_G++_Lite/lib/gcc/arm-none-eabi/4.5.2/libgcc.a(_dvmd_tls.o)
                                                  /opt/CodeSourcery/Sourcery_G++_Lite/lib/gcc/arm-none-eabi/4.5.2/libgcc.a(_divsi3.o)
                                                  /opt/CodeSourcery/Sourcery_G++_Lite/lib/gcc/arm-none-eabi/4.5.2/libgcc.a(_udivsi3.o)
__aeabi_idivmod                                   /opt/CodeSourcery/Sourcery_G++_Lite/lib/gcc/arm-none-eabi/4.5.2/libgcc.a(_divsi3.o)
__aeabi_l2d                                       /opt/CodeSourcery/Sourcery_G++_Lite/lib/gcc/arm-none-eabi/4.5.2/libgcc.a(_arm_addsubdf3.o)
__aeabi_ldiv0                                     /opt/CodeSourcery/Sourcery_G++_Lite/lib/gcc/arm-none-eabi/4.5.2/libgcc.a(_dvmd_tls.o)
                                                  /opt/CodeSourcery/Sourcery_G++_Lite/lib/gcc/arm-none-eabi/4.5.2/libgcc.a(_aeabi_uldivmod.o)
__aeabi_ui2d                                      /opt/CodeSourcery/Sourcery_G++_Lite/lib/gcc/arm-none-eabi/4.5.2/libgcc.a(_arm_addsubdf3.o)
                                                  /opt/CodeSourcery/Sourcery_G++_Lite/arm-none-eabi/lib/libc.a(lib_a-dtoa.o)
                                                  timer.o
__aeabi_uidiv                                     /opt/CodeSourcery/Sourcery_G++_Lite/lib/gcc/arm-none-eabi/4.5.2/libgcc.a(_udivsi3.o)
                                                  /opt/CodeSourcery/Sourcery_G++_Lite/lib/gcc/arm-none-eabi/4.5.2/libgcc.a(_udivdi3.o)
                                                  /opt/CodeSourcery/Sourcery_G++_Lite/lib/gcc/arm-none-eabi/4.5.2/libgcc.a(_divdi3.o)
                                                  /opt/CodeSourcery/Sourcery_G++_Lite/arm-none-eabi/lib/libc.a(lib_a-dtoa.o)
__aeabi_uidivmod                                  /opt/CodeSourcery/Sourcery_G++_Lite/lib/gcc/arm-none-eabi/4.5.2/libgcc.a(_udivsi3.o)
                                                  /opt/CodeSourcery/Sourcery_G++_Lite/lib/gcc/arm-none-eabi/4.5.2/libgcc.a(_udivdi3.o)
                                                  /opt/CodeSourcery/Sourcery_G++_Lite/lib/gcc/arm-none-eabi/4.5.2/libgcc.a(_divdi3.o)
__aeabi_ul2d                                      /opt/CodeSourcery/Sourcery_G++_Lite/lib/gcc/arm-none-eabi/4.5.2/libgcc.a(_arm_addsubdf3.o)
__aeabi_uldivmod                                  /opt/CodeSourcery/Sourcery_G++_Lite/lib/gcc/arm-none-eabi/4.5.2/libgcc.a(_aeabi_uldivmod.o)
                                                  /opt/CodeSourcery/Sourcery_G++_Lite/arm-none-eabi/lib/libc.a(lib_a-svfiprintf.o)
                                                  /opt/CodeSourcery/Sourcery_G++_Lite/arm-none-eabi/lib/libc.a(lib_a-svfprintf.o)
__any_on                                          /opt/CodeSourcery/Sourcery_G++_Lite/arm-none-eabi/lib/libc.a(lib_a-mprec.o)
__b2d                                             /opt/CodeSourcery/Sourcery_G++_Lite/arm-none-eabi/lib/libc.a(lib_a-mprec.o)
__clzsi2                                          /opt/CodeSourcery/Sourcery_G++_Lite/lib/gcc/arm-none-eabi/4.5.2/libgcc.a(_clzsi2.o)
                                                  /opt/CodeSourcery/Sourcery_G++_Lite/lib/gcc/arm-none-eabi/4.5.2/libgcc.a(_udivdi3.o)
                                                  /opt/CodeSourcery/Sourcery_G++_Lite/lib/gcc/arm-none-eabi/4.5.2/libgcc.a(_divdi3.o)
__cmpdf2                                          /opt/CodeSourcery/Sourcery_G++_Lite/lib/gcc/arm-none-eabi/4.5.2/libgcc.a(_arm_cmpdf2.o)
__copybits                                        /opt/CodeSourcery/Sourcery_G++_Lite/arm-none-eabi/lib/libc.a(lib_a-mprec.o)
__d2b                                             /opt/CodeSourcery/Sourcery_G++_Lite/arm-none-eabi/lib/libc.a(lib_a-mprec.o)
                                                  /opt/CodeSourcery/Sourcery_G++_Lite/arm-none-eabi/lib/libc.a(lib_a-dtoa.o)
__divdf3                                          /opt/CodeSourcery/Sourcery_G++_Lite/lib/gcc/arm-none-eabi/4.5.2/libgcc.a(_arm_muldivdf3.o)
__divdi3                                          /opt/CodeSourcery/Sourcery_G++_Lite/lib/gcc/arm-none-eabi/4.5.2/libgcc.a(_divdi3.o)
                                                  /opt/CodeSourcery/Sourcery_G++_Lite/lib/gcc/arm-none-eabi/4.5.2/libgcc.a(bpabi.o)
__divsi3                                          /opt/CodeSourcery/Sourcery_G++_Lite/lib/gcc/arm-none-eabi/4.5.2/libgcc.a(_divsi3.o)
__eqdf2                                           /opt/CodeSourcery/Sourcery_G++_Lite/lib/gcc/arm-none-eabi/4.5.2/libgcc.a(_arm_cmpdf2.o)
__extendsfdf2                                     /opt/CodeSourcery/Sourcery_G++_Lite/lib/gcc/arm-none-eabi/4.5.2/libgcc.a(_arm_addsubdf3.o)
__fixdfsi                                         /opt/CodeSourcery/Sourcery_G++_Lite/lib/gcc/arm-none-eabi/4.5.2/libgcc.a(_arm_fixdfsi.o)
__fixunsdfsi                                      /opt/CodeSourcery/Sourcery_G++_Lite/lib/gcc/arm-none-eabi/4.5.2/libgcc.a(_arm_fixunsdfsi.o)
__floatdidf                                       /opt/CodeSourcery/Sourcery_G++_Lite/lib/gcc/arm-none-eabi/4.5.2/libgcc.a(_arm_addsubdf3.o)
__floatsidf                                       /opt/CodeSourcery/Sourcery_G++_Lite/lib/gcc/arm-none-eabi/4.5.2/libgcc.a(_arm_addsubdf3.o)
__floatundidf                                     /opt/CodeSourcery/Sourcery_G++_Lite/lib/gcc/arm-none-eabi/4.5.2/libgcc.a(_arm_addsubdf3.o)
__floatunsidf                                     /opt/CodeSourcery/Sourcery_G++_Lite/lib/gcc/arm-none-eabi/4.5.2/libgcc.a(_arm_addsubdf3.o)
__fpclassifyd                                     /opt/CodeSourcery/Sourcery_G++_Lite/arm-none-eabi/lib/libc.a(lib_a-s_fpclassify.o)
                                                  /opt/CodeSourcery/Sourcery_G++_Lite/arm-none-eabi/lib/libc.a(lib_a-svfprintf.o)
__gedf2                                           /opt/CodeSourcery/Sourcery_G++_Lite/lib/gcc/arm-none-eabi/4.5.2/libgcc.a(_arm_cmpdf2.o)
__gnu_ldivmod_helper                              /opt/CodeSourcery/Sourcery_G++_Lite/lib/gcc/arm-none-eabi/4.5.2/libgcc.a(bpabi.o)
__gnu_uldivmod_helper                             /opt/CodeSourcery/Sourcery_G++_Lite/lib/gcc/arm-none-eabi/4.5.2/libgcc.a(bpabi.o)
                                                  /opt/CodeSourcery/Sourcery_G++_Lite/lib/gcc/arm-none-eabi/4.5.2/libgcc.a(_aeabi_uldivmod.o)
__gtdf2                                           /opt/CodeSourcery/Sourcery_G++_Lite/lib/gcc/arm-none-eabi/4.5.2/libgcc.a(_arm_cmpdf2.o)
__hi0bits                                         /opt/CodeSourcery/Sourcery_G++_Lite/arm-none-eabi/lib/libc.a(lib_a-mprec.o)
                                                  /opt/CodeSourcery/Sourcery_G++_Lite/arm-none-eabi/lib/libc.a(lib_a-dtoa.o)
__i2b                                             /opt/CodeSourcery/Sourcery_G++_Lite/arm-none-eabi/lib/libc.a(lib_a-mprec.o)
                                                  /opt/CodeSourcery/Sourcery_G++_Lite/arm-none-eabi/lib/libc.a(lib_a-dtoa.o)
__ledf2                                           /opt/CodeSourcery/Sourcery_G++_Lite/lib/gcc/arm-none-eabi/4.5.2/libgcc.a(_arm_cmpdf2.o)
__lo0bits                                         /opt/CodeSourcery/Sourcery_G++_Lite/arm-none-eabi/lib/libc.a(lib_a-mprec.o)
__locale_charset                                  /opt/CodeSourcery/Sourcery_G++_Lite/arm-none-eabi/lib/libc.a(lib_a-locale.o)
__locale_cjk_lang                                 /opt/CodeSourcery/Sourcery_G++_Lite/arm-none-eabi/lib/libc.a(lib_a-locale.o)
__locale_mb_cur_max                               /opt/CodeSourcery/Sourcery_G++_Lite/arm-none-eabi/lib/libc.a(lib_a-locale.o)
__locale_msgcharset                               /opt/CodeSourcery/Sourcery_G++_Lite/arm-none-eabi/lib/libc.a(lib_a-locale.o)
__lshift                                          /opt/CodeSourcery/Sourcery_G++_Lite/arm-none-eabi/lib/libc.a(lib_a-mprec.o)
                                                  /opt/CodeSourcery/Sourcery_G++_Lite/arm-none-eabi/lib/libc.a(lib_a-dtoa.o)
__ltdf2                                           /opt/CodeSourcery/Sourcery_G++_Lite/lib/gcc/arm-none-eabi/4.5.2/libgcc.a(_arm_cmpdf2.o)
__malloc_av_                                      /opt/CodeSourcery/Sourcery_G++_Lite/arm-none-eabi/lib/libc.a(lib_a-mallocr.o)
                                                  /opt/CodeSourcery/Sourcery_G++_Lite/arm-none-eabi/lib/libc.a(lib_a-reallocr.o)
                                                  /opt/CodeSourcery/Sourcery_G++_Lite/arm-none-eabi/lib/libc.a(lib_a-freer.o)
__malloc_current_mallinfo                         /opt/CodeSourcery/Sourcery_G++_Lite/arm-none-eabi/lib/libc.a(lib_a-mallocr.o)
                                                  /opt/CodeSourcery/Sourcery_G++_Lite/arm-none-eabi/lib/libc.a(lib_a-freer.o)
__malloc_lock                                     /opt/CodeSourcery/Sourcery_G++_Lite/arm-none-eabi/lib/libc.a(lib_a-mlock.o)
                                                  /opt/CodeSourcery/Sourcery_G++_Lite/arm-none-eabi/lib/libc.a(lib_a-reallocr.o)
                                                  /opt/CodeSourcery/Sourcery_G++_Lite/arm-none-eabi/lib/libc.a(lib_a-freer.o)
                                                  /opt/CodeSourcery/Sourcery_G++_Lite/arm-none-eabi/lib/libc.a(lib_a-mallocr.o)
__malloc_max_sbrked_mem                           /opt/CodeSourcery/Sourcery_G++_Lite/arm-none-eabi/lib/libc.a(lib_a-mallocr.o)
__malloc_max_total_mem                            /opt/CodeSourcery/Sourcery_G++_Lite/arm-none-eabi/lib/libc.a(lib_a-mallocr.o)
__malloc_sbrk_base                                /opt/CodeSourcery/Sourcery_G++_Lite/arm-none-eabi/lib/libc.a(lib_a-mallocr.o)
                                                  /opt/CodeSourcery/Sourcery_G++_Lite/arm-none-eabi/lib/libc.a(lib_a-freer.o)
__malloc_top_pad                                  /opt/CodeSourcery/Sourcery_G++_Lite/arm-none-eabi/lib/libc.a(lib_a-mallocr.o)
                                                  /opt/CodeSourcery/Sourcery_G++_Lite/arm-none-eabi/lib/libc.a(lib_a-freer.o)
__malloc_trim_threshold                           /opt/CodeSourcery/Sourcery_G++_Lite/arm-none-eabi/lib/libc.a(lib_a-mallocr.o)
                                                  /opt/CodeSourcery/Sourcery_G++_Lite/arm-none-eabi/lib/libc.a(lib_a-freer.o)
__malloc_unlock                                   /opt/CodeSourcery/Sourcery_G++_Lite/arm-none-eabi/lib/libc.a(lib_a-mlock.o)
                                                  /opt/CodeSourcery/Sourcery_G++_Lite/arm-none-eabi/lib/libc.a(lib_a-reallocr.o)
                                                  /opt/CodeSourcery/Sourcery_G++_Lite/arm-none-eabi/lib/libc.a(lib_a-freer.o)
                                                  /opt/CodeSourcery/Sourcery_G++_Lite/arm-none-eabi/lib/libc.a(lib_a-mallocr.o)
__mb_cur_max                                      /opt/CodeSourcery/Sourcery_G++_Lite/arm-none-eabi/lib/libc.a(lib_a-locale.o)
__mcmp                                            /opt/CodeSourcery/Sourcery_G++_Lite/arm-none-eabi/lib/libc.a(lib_a-mprec.o)
                                                  /opt/CodeSourcery/Sourcery_G++_Lite/arm-none-eabi/lib/libc.a(lib_a-dtoa.o)
__mdiff                                           /opt/CodeSourcery/Sourcery_G++_Lite/arm-none-eabi/lib/libc.a(lib_a-mprec.o)
                                                  /opt/CodeSourcery/Sourcery_G++_Lite/arm-none-eabi/lib/libc.a(lib_a-dtoa.o)
__mlocale_changed                                 /opt/CodeSourcery/Sourcery_G++_Lite/arm-none-eabi/lib/libc.a(lib_a-locale.o)
__mprec_bigtens                                   /opt/CodeSourcery/Sourcery_G++_Lite/arm-none-eabi/lib/libc.a(lib_a-mprec.o)
                                                  /opt/CodeSourcery/Sourcery_G++_Lite/arm-none-eabi/lib/libc.a(lib_a-dtoa.o)
__mprec_tens                                      /opt/CodeSourcery/Sourcery_G++_Lite/arm-none-eabi/lib/libc.a(lib_a-mprec.o)
                                                  /opt/CodeSourcery/Sourcery_G++_Lite/arm-none-eabi/lib/libc.a(lib_a-dtoa.o)
__mprec_tinytens                                  /opt/CodeSourcery/Sourcery_G++_Lite/arm-none-eabi/lib/libc.a(lib_a-mprec.o)
__muldf3                                          /opt/CodeSourcery/Sourcery_G++_Lite/lib/gcc/arm-none-eabi/4.5.2/libgcc.a(_arm_muldivdf3.o)
__multadd                                         /opt/CodeSourcery/Sourcery_G++_Lite/arm-none-eabi/lib/libc.a(lib_a-mprec.o)
                                                  /opt/CodeSourcery/Sourcery_G++_Lite/arm-none-eabi/lib/libc.a(lib_a-dtoa.o)
__multiply                                        /opt/CodeSourcery/Sourcery_G++_Lite/arm-none-eabi/lib/libc.a(lib_a-mprec.o)
                                                  /opt/CodeSourcery/Sourcery_G++_Lite/arm-none-eabi/lib/libc.a(lib_a-dtoa.o)
__nedf2                                           /opt/CodeSourcery/Sourcery_G++_Lite/lib/gcc/arm-none-eabi/4.5.2/libgcc.a(_arm_cmpdf2.o)
__nlocale_changed                                 /opt/CodeSourcery/Sourcery_G++_Lite/arm-none-eabi/lib/libc.a(lib_a-locale.o)
__pow5mult                                        /opt/CodeSourcery/Sourcery_G++_Lite/arm-none-eabi/lib/libc.a(lib_a-mprec.o)
                                                  /opt/CodeSourcery/Sourcery_G++_Lite/arm-none-eabi/lib/libc.a(lib_a-dtoa.o)
__ratio                                           /opt/CodeSourcery/Sourcery_G++_Lite/arm-none-eabi/lib/libc.a(lib_a-mprec.o)
__s2b                                             /opt/CodeSourcery/Sourcery_G++_Lite/arm-none-eabi/lib/libc.a(lib_a-mprec.o)
__ssprint_r                                       /opt/CodeSourcery/Sourcery_G++_Lite/arm-none-eabi/lib/libc.a(lib_a-svfiprintf.o)
                                                  /opt/CodeSourcery/Sourcery_G++_Lite/arm-none-eabi/lib/libc.a(lib_a-svfprintf.o)
__subdf3                                          /opt/CodeSourcery/Sourcery_G++_Lite/lib/gcc/arm-none-eabi/4.5.2/libgcc.a(_arm_addsubdf3.o)
__udivdi3                                         /opt/CodeSourcery/Sourcery_G++_Lite/lib/gcc/arm-none-eabi/4.5.2/libgcc.a(_udivdi3.o)
                                                  /opt/CodeSourcery/Sourcery_G++_Lite/lib/gcc/arm-none-eabi/4.5.2/libgcc.a(bpabi.o)
__udivsi3                                         /opt/CodeSourcery/Sourcery_G++_Lite/lib/gcc/arm-none-eabi/4.5.2/libgcc.a(_udivsi3.o)
__ulp                                             /opt/CodeSourcery/Sourcery_G++_Lite/arm-none-eabi/lib/libc.a(lib_a-mprec.o)
_calloc_r                                         /opt/CodeSourcery/Sourcery_G++_Lite/arm-none-eabi/lib/libc.a(lib_a-callocr.o)
                                                  /opt/CodeSourcery/Sourcery_G++_Lite/arm-none-eabi/lib/libc.a(lib_a-mprec.o)
_dtoa_r                                           /opt/CodeSourcery/Sourcery_G++_Lite/arm-none-eabi/lib/libc.a(lib_a-dtoa.o)
                                                  /opt/CodeSourcery/Sourcery_G++_Lite/arm-none-eabi/lib/libc.a(lib_a-svfprintf.o)
_free_r                                           /opt/CodeSourcery/Sourcery_G++_Lite/arm-none-eabi/lib/libc.a(lib_a-freer.o)
                                                  /opt/CodeSourcery/Sourcery_G++_Lite/arm-none-eabi/lib/libc.a(lib_a-reent.o)
                                                  /opt/CodeSourcery/Sourcery_G++_Lite/arm-none-eabi/lib/libc.a(lib_a-reallocr.o)
                                                  /opt/CodeSourcery/Sourcery_G++_Lite/arm-none-eabi/lib/libc.a(lib_a-svfiprintf.o)
                                                  /opt/CodeSourcery/Sourcery_G++_Lite/arm-none-eabi/lib/libc.a(lib_a-mallocr.o)
_global_impure_ptr                                /opt/CodeSourcery/Sourcery_G++_Lite/arm-none-eabi/lib/libc.a(lib_a-impure.o)
_impure_ptr                                       /opt/CodeSourcery/Sourcery_G++_Lite/arm-none-eabi/lib/libc.a(lib_a-impure.o)
                                                  /opt/CodeSourcery/Sourcery_G++_Lite/arm-none-eabi/lib/libc.a(lib_a-reent.o)
                                                  /opt/CodeSourcery/Sourcery_G++_Lite/arm-none-eabi/lib/libc.a(lib_a-locale.o)
                                                  /opt/CodeSourcery/Sourcery_G++_Lite/arm-none-eabi/lib/libc.a(lib_a-vsprintf.o)
_localeconv_r                                     /opt/CodeSourcery/Sourcery_G++_Lite/arm-none-eabi/lib/libc.a(lib_a-locale.o)
                                                  /opt/CodeSourcery/Sourcery_G++_Lite/arm-none-eabi/lib/libc.a(lib_a-svfprintf.o)
_malloc_r                                         /opt/CodeSourcery/Sourcery_G++_Lite/arm-none-eabi/lib/libc.a(lib_a-mallocr.o)
                                                  /opt/CodeSourcery/Sourcery_G++_Lite/arm-none-eabi/lib/libc.a(lib_a-reallocr.o)
                                                  /opt/CodeSourcery/Sourcery_G++_Lite/arm-none-eabi/lib/libc.a(lib_a-callocr.o)
                                                  /opt/CodeSourcery/Sourcery_G++_Lite/arm-none-eabi/lib/libc.a(lib_a-svfiprintf.o)
                                                  /opt/CodeSourcery/Sourcery_G++_Lite/arm-none-eabi/lib/libc.a(lib_a-svfprintf.o)
_malloc_trim_r                                    /opt/CodeSourcery/Sourcery_G++_Lite/arm-none-eabi/lib/libc.a(lib_a-freer.o)
_mprec_log10                                      /opt/CodeSourcery/Sourcery_G++_Lite/arm-none-eabi/lib/libc.a(lib_a-mprec.o)
_realloc_r                                        /opt/CodeSourcery/Sourcery_G++_Lite/arm-none-eabi/lib/libc.a(lib_a-reallocr.o)
                                                  /opt/CodeSourcery/Sourcery_G++_Lite/arm-none-eabi/lib/libc.a(lib_a-svfiprintf.o)
_reclaim_reent                                    /opt/CodeSourcery/Sourcery_G++_Lite/arm-none-eabi/lib/libc.a(lib_a-reent.o)
_sbrk                                             s3c2450_startup.o
                                                  /opt/CodeSourcery/Sourcery_G++_Lite/arm-none-eabi/lib/libc.a(lib_a-sbrkr.o)
_sbrk_r                                           /opt/CodeSourcery/Sourcery_G++_Lite/arm-none-eabi/lib/libc.a(lib_a-sbrkr.o)
                                                  /opt/CodeSourcery/Sourcery_G++_Lite/arm-none-eabi/lib/libc.a(lib_a-freer.o)
                                                  /opt/CodeSourcery/Sourcery_G++_Lite/arm-none-eabi/lib/libc.a(lib_a-mallocr.o)
_setlocale_r                                      /opt/CodeSourcery/Sourcery_G++_Lite/arm-none-eabi/lib/libc.a(lib_a-locale.o)
_start                                            s3c2450_startup.o
_svfiprintf_r                                     /opt/CodeSourcery/Sourcery_G++_Lite/arm-none-eabi/lib/libc.a(lib_a-svfiprintf.o)
_svfprintf_r                                      /opt/CodeSourcery/Sourcery_G++_Lite/arm-none-eabi/lib/libc.a(lib_a-svfprintf.o)
                                                  /opt/CodeSourcery/Sourcery_G++_Lite/arm-none-eabi/lib/libc.a(lib_a-vsprintf.o)
_vsprintf_r                                       /opt/CodeSourcery/Sourcery_G++_Lite/arm-none-eabi/lib/libc.a(lib_a-vsprintf.o)
_wrapup_reent                                     /opt/CodeSourcery/Sourcery_G++_Lite/arm-none-eabi/lib/libc.a(lib_a-reent.o)
atoi                                              Uart.o
bicycle                                           Main.o
bss_end_addr                                      s3c2450_startup.o
bss_start_addr                                    s3c2450_startup.o
cleanup_glue                                      /opt/CodeSourcery/Sourcery_G++_Lite/arm-none-eabi/lib/libc.a(lib_a-reent.o)
data_end_addr                                     s3c2450_startup.o
data_start_addr                                   s3c2450_startup.o
day                                               rtc.o
errno                                             /opt/CodeSourcery/Sourcery_G++_Lite/arm-none-eabi/lib/libc.a(lib_a-reent.o)
                                                  /opt/CodeSourcery/Sourcery_G++_Lite/arm-none-eabi/lib/libc.a(lib_a-sbrkr.o)
free                                              libc.o
localeconv                                        /opt/CodeSourcery/Sourcery_G++_Lite/arm-none-eabi/lib/libc.a(lib_a-locale.o)
malloc                                            libc.o
mallocPt                                          libc.o
memchr                                            /opt/CodeSourcery/Sourcery_G++_Lite/arm-none-eabi/lib/libc.a(lib_a-memchr.o)
                                                  /opt/CodeSourcery/Sourcery_G++_Lite/arm-none-eabi/lib/libc.a(lib_a-svfiprintf.o)
                                                  /opt/CodeSourcery/Sourcery_G++_Lite/arm-none-eabi/lib/libc.a(lib_a-svfprintf.o)
memcpy                                            /opt/CodeSourcery/Sourcery_G++_Lite/arm-none-eabi/lib/libc.a(lib_a-memcpy.o)
                                                  /opt/CodeSourcery/Sourcery_G++_Lite/arm-none-eabi/lib/libc.a(lib_a-svfiprintf.o)
                                                  /opt/CodeSourcery/Sourcery_G++_Lite/arm-none-eabi/lib/libc.a(lib_a-mprec.o)
                                                  /opt/CodeSourcery/Sourcery_G++_Lite/arm-none-eabi/lib/libc.a(lib_a-dtoa.o)
memmove                                           /opt/CodeSourcery/Sourcery_G++_Lite/arm-none-eabi/lib/libc.a(lib_a-memmove.o)
                                                  /opt/CodeSourcery/Sourcery_G++_Lite/arm-none-eabi/lib/libc.a(lib_a-reallocr.o)
                                                  /opt/CodeSourcery/Sourcery_G++_Lite/arm-none-eabi/lib/libc.a(lib_a-svfiprintf.o)
memset                                            /opt/CodeSourcery/Sourcery_G++_Lite/arm-none-eabi/lib/libc.a(lib_a-memset.o)
                                                  /opt/CodeSourcery/Sourcery_G++_Lite/arm-none-eabi/lib/libc.a(lib_a-callocr.o)
rodata_end_addr                                   s3c2450_startup.o
setlocale                                         /opt/CodeSourcery/Sourcery_G++_Lite/arm-none-eabi/lib/libc.a(lib_a-locale.o)
start_timer0                                      libc.o
stop_timer0                                       libc.o
strcmp                                            /opt/CodeSourcery/Sourcery_G++_Lite/arm-none-eabi/lib/libc.a(lib_a-strcmp.o)
                                                  /opt/CodeSourcery/Sourcery_G++_Lite/arm-none-eabi/lib/libc.a(lib_a-locale.o)
strlen                                            Uart.o
                                                  /opt/CodeSourcery/Sourcery_G++_Lite/arm-none-eabi/lib/libc.a(lib_a-svfiprintf.o)
                                                  /opt/CodeSourcery/Sourcery_G++_Lite/arm-none-eabi/lib/libc.a(lib_a-svfprintf.o)
time                                              libc.o
vsprintf                                          /opt/CodeSourcery/Sourcery_G++_Lite/arm-none-eabi/lib/libc.a(lib_a-vsprintf.o)
                                                  Uart.o
